fn $main
  (call $rc_inc (local.get $v104))
  (call $rc_dec (i32.wrap_i64 (i64.load (i32.add (local.get $v96) (i32.add (i32.const 12) (i32.mul (local.get $dlsi) (i32.const 8)))))))
  (call $rc_dec (local.get $v96))
  (call $rc_dec (i32.wrap_i64 (i64.load (i32.add (local.get $v89) (i32.add (i32.const 12) (i32.mul (local.get $dlsi) (i32.const 8)))))))
  (call $rc_dec (local.get $v89))
  (call $rc_dec (i32.wrap_i64 (i64.load (i32.add (local.get $v110) (i32.add (i32.const 12) (i32.mul (local.get $dlsi) (i32.const 8)))))))
  (call $rc_dec (local.get $v110))
  (call $rc_dec (i32.wrap_i64 (i64.load (i32.add (local.get $v89) (i32.add (i32.const 12) (i32.mul (local.get $dlsi) (i32.const 8)))))))
  (call $rc_dec (local.get $v89))
  (call $rc_dec (i32.wrap_i64 (i64.load (i32.add (local.get $v118) (i32.add (i32.const 12) (i32.mul (local.get $dlsi) (i32.const 8)))))))
  (call $rc_dec (local.get $v118))
  (call $rc_dec (local.get $v123))
  (call $rc_dec (i32.wrap_i64 (i64.load (i32.add (local.get $v122) (i32.add (i32.const 12) (i32.mul (local.get $dlsi) (i32.const 8)))))))
  (call $rc_dec (local.get $v122))
  (call $rc_dec (local.get $v107))
  (call $rc_dec (local.get $v97))
  (call $rc_dec (local.get $v132))
  (call $rc_dec (local.get $v131))
  (call $rc_dec (i32.wrap_i64 (i64.load (i32.add (local.get $v89) (i32.add (i32.const 12) (i32.mul (local.get $dlsi) (i32.const 8)))))))
  (call $rc_dec (local.get $v89))
  (call $rc_dec (i32.wrap_i64 (i64.load (i32.add (local.get $v78) (i32.add (i32.const 12) (i32.mul (local.get $dlsi) (i32.const 8)))))))
  (call $rc_dec (local.get $v78))
  (call $rc_dec (local.get $v76))
  (call $rc_dec (local.get $v75))
  (call $__drop_closure (local.get $v74))
  (call $rc_dec (local.get $v71))
  (call $__drop_closure (local.get $v70))
  (call $rc_dec (local.get $v67))
  (call $__drop_closure (local.get $v66))
  (call $rc_dec (local.get $v41))
  (call $rc_dec (local.get $v35))
  (call $rc_dec (local.get $v31))
  (call $rc_dec (i32.wrap_i64 (i64.load (i32.add (local.get $v30) (i32.add (i32.const 12) (i32.mul (local.get $dlsi) (i32.const 8)))))))
  (call $rc_dec (local.get $v30))
  (call $rc_dec (local.get $v28))
  (call $rc_dec (i32.wrap_i64 (i64.load (i32.add (local.get $v27) (i32.add (i32.const 12) (i32.mul (local.get $dlsi) (i32.const 8)))))))
  (call $rc_dec (local.get $v27))
  (call $rc_dec (local.get $v25))
  (call $rc_dec (i32.wrap_i64 (i64.load (i32.add (local.get $v24) (i32.add (i32.const 12) (i32.mul (local.get $dlsi) (i32.const 8)))))))
  (call $rc_dec (local.get $v24))
  (call $rc_dec (local.get $v22))
  (call $rc_dec (i32.wrap_i64 (i64.load (i32.add (local.get $v17) (i32.add (i32.const 12) (i32.mul (local.get $dlsi) (i32.const 8)))))))
  (call $rc_dec (local.get $v17))
  (call $rc_dec (local.get $v13))
  (call $rc_dec (local.get $v12))
  (call $__drop_closure (local.get $v11))
  (call $rc_dec (local.get $v8))
  (call $rc_dec (local.get $v6))
  (call $rc_dec (local.get $v5))
  (call $__drop_closure (local.get $v4))
  (call $rc_dec (local.get $v1))
fn $__drop_closure
  (call $__drop_closure_loop (local.get $v1) (local.get $v16) (local.get $v21) (local.get $v24) (local.get $v11) (i64.const 0))
  (call $rc_dec (i32.wrap_i64 (local.get $v1)))
fn $__drop_closure_loop
  (call $__drop_closure (local.get $v20))
  (call $__drop_list_str (local.get $v28))
  (call $rc_dec (i32.wrap_i64 (local.get $v37)))
  (call $__drop_cellmap (local.get $v43))
fn $__drop_cellmap
  (call $__drop_list_str (local.get $v8))
  (call $rc_dec (i32.wrap_i64 (local.get $v0)))
fn $__drop_list_str
  (call $__drop_list_str_loop (local.get $v1) (local.get $v9) (i64.const 0))
  (call $rc_dec (i32.wrap_i64 (local.get $v1)))
fn $__drop_list_str_loop
  (call $rc_dec (i32.wrap_i64 (local.get $v13)))
fn $__drop_opt_str_str
  (call $rc_dec (i32.wrap_i64 (local.get $v22)))
  (call $rc_dec (i32.wrap_i64 (local.get $v25)))
  (call $rc_dec (i32.wrap_i64 (local.get $v14)))
  (call $rc_dec (i32.wrap_i64 (local.get $v1)))
fn $branch_lift_synth_0
  (call $rc_dec (local.get $v12))
  (call $rc_dec (local.get $v11))
  (call $rc_dec (local.get $v10))
  (call $rc_dec (local.get $v9))
fn $branch_lift_synth_1
  (call $rc_dec (local.get $v12))
  (call $rc_dec (local.get $v11))
  (call $rc_dec (local.get $v10))
  (call $rc_dec (local.get $v9))
fn $branch_lift_synth_2
  (call $rc_dec (local.get $v1))
  (call $rc_dec (local.get $v13))
  (call $rc_dec (local.get $v12))
  (call $rc_dec (local.get $v11))
  (call $rc_dec (local.get $v10))
fn $branch_lift_synth_3
  (call $rc_dec (local.get $v18))
  (call $rc_dec (local.get $v17))
  (call $rc_dec (local.get $v16))
  (call $rc_dec (local.get $v23))
  (call $rc_dec (local.get $v22))
  (call $rc_dec (local.get $v21))
  (call $rc_dec (local.get $v20))
  (call $rc_dec (i32.wrap_i64 (i64.load (i32.add (local.get $v4) (i32.add (i32.const 12) (i32.mul (local.get $dlsi) (i32.const 8)))))))
  (call $rc_dec (local.get $v4))
  (call $__drop_closure (local.get $v3))
fn $__lambda_branch_lift_synth_3_0
  (call $rc_dec (local.get $v2))
fn $branch_lift_synth_4
  (call $rc_dec (local.get $v18))
  (call $rc_dec (local.get $v17))
  (call $rc_dec (local.get $v16))
  (call $rc_dec (local.get $v23))
  (call $rc_dec (local.get $v22))
  (call $rc_dec (local.get $v21))
  (call $rc_dec (local.get $v20))
  (call $rc_dec (i32.wrap_i64 (i64.load (i32.add (local.get $v4) (i32.add (i32.const 12) (i32.mul (local.get $dlsi) (i32.const 8)))))))
  (call $rc_dec (local.get $v4))
  (call $__drop_closure (local.get $v3))
fn $branch_lift_synth_5
  (call $rc_dec (local.get $v18))
  (call $rc_dec (local.get $v17))
  (call $rc_dec (local.get $v16))
  (call $rc_dec (local.get $v23))
  (call $rc_dec (local.get $v22))
  (call $rc_dec (local.get $v21))
  (call $rc_dec (local.get $v20))
  (call $rc_dec (i32.wrap_i64 (i64.load (i32.add (local.get $v4) (i32.add (i32.const 12) (i32.mul (local.get $dlsi) (i32.const 8)))))))
  (call $rc_dec (local.get $v4))
  (call $__drop_closure (local.get $v3))
fn $branch_lift_synth_6
  (call $rc_dec (local.get $v12))
  (call $rc_dec (local.get $v11))
  (call $rc_dec (local.get $v10))
  (call $rc_dec (local.get $v9))
fn $__get_str_some
  (call $rc_inc (local.get $v8))
  (call $rc_dec (local.get $v8))
fn $__lc_copy_rc
  (call $rc_inc (i32.wrap_i64 (local.get $v12)))
fn $__list_append1_rc
  (call $rc_inc (local.get $v0))
  (call $rc_inc (local.get $v34))
  (call $rc_dec (local.get $v34))
fn $__res_maperr_err
  (call $rc_inc (local.get $v3))
  (call $rc_dec (local.get $v3))
  (call $rc_dec (local.get $v2))
fn $string.repeat
  (call $rc_dec (local.get $v17))
