fn $main
  (call $rc_dec (local.get $v79))
  (call $rc_dec (local.get $v78))
  (call $rc_dec (local.get $v77))
  (call $rc_dec (local.get $v76))
  (call $rc_dec (local.get $v72))
  (call $rc_dec (local.get $v71))
  (call $rc_dec (local.get $v70))
  (call $rc_dec (local.get $v69))
  (call $rc_dec (local.get $v68))
  (call $rc_dec (local.get $v67))
  (call $rc_dec (local.get $v66))
  (call $rc_dec (local.get $v62))
  (call $rc_dec (local.get $v61))
  (call $rc_dec (local.get $v60))
  (call $rc_dec (local.get $v59))
  (call $rc_dec (local.get $v58))
  (call $rc_dec (local.get $v57))
  (call $rc_dec (local.get $v56))
  (call $rc_dec (local.get $v55))
  (call $rc_dec (local.get $v54))
  (call $rc_dec (local.get $v53))
  (call $rc_dec (local.get $v52))
  (call $rc_dec (local.get $v51))
  (call $rc_dec (local.get $v50))
  (call $rc_dec (local.get $v49))
  (call $rc_dec (local.get $v45))
  (call $rc_dec (local.get $v44))
  (call $rc_dec (local.get $v43))
  (call $rc_dec (local.get $v42))
  (call $rc_dec (local.get $v41))
  (call $rc_dec (local.get $v40))
  (call $rc_dec (local.get $v39))
  (call $rc_dec (local.get $v37))
  (call $rc_dec (local.get $v36))
  (call $rc_dec (local.get $v35))
  (call $rc_dec (local.get $v34))
  (call $rc_dec (local.get $v33))
  (call $rc_dec (local.get $v32))
  (call $rc_dec (local.get $v31))
  (call $rc_dec (local.get $v25))
  (call $rc_dec (local.get $v24))
  (call $rc_dec (local.get $v23))
  (call $rc_dec (local.get $v22))
  (call $rc_dec (local.get $v21))
  (call $rc_dec (local.get $v20))
  (call $rc_dec (local.get $v19))
  (call $rc_dec (local.get $v14))
  (call $rc_dec (local.get $v13))
  (call $rc_dec (local.get $v12))
  (call $rc_dec (local.get $v11))
  (call $rc_dec (local.get $v10))
  (call $rc_dec (local.get $v9))
  (call $rc_dec (local.get $v8))
  (call $rc_dec (local.get $v2))
  (call $rc_dec (local.get $v1))
  (call $rc_dec (local.get $v0))
fn $__drop_opt_str_str
  (call $rc_dec (i32.wrap_i64 (local.get $v22)))
  (call $rc_dec (i32.wrap_i64 (local.get $v25)))
  (call $rc_dec (i32.wrap_i64 (local.get $v14)))
  (call $rc_dec (i32.wrap_i64 (local.get $v1)))
fn $option.to_string
  (call $rc_dec (local.get $v12))
  (call $rc_dec (local.get $v11))
  (call $rc_dec (local.get $v10))
  (call $rc_dec (local.get $v9))
