fn $oi
  (call $rc_dec (local.get $v13))
  (call $rc_dec (local.get $v3))
fn $os
  (call $rc_inc (local.get $v11))
  (call $rc_dec (local.get $v4))
  (call $rc_dec (local.get $v3))
fn $oj
  (call $rc_dec (local.get $v13))
  (call $rc_dec (local.get $v3))
fn $main
  (call $rc_dec (local.get $v481))
  (call $rc_dec (i32.wrap_i64 (i64.load (i32.add (local.get $v479) (i32.add (i32.const 12) (i32.mul (local.get $dlsi) (i32.const 8)))))))
  (call $rc_dec (local.get $v479))
  (call $rc_dec (local.get $v478))
  (call $rc_dec (local.get $v476))
  (call $rc_dec (i32.wrap_i64 (i64.load (i32.add (local.get $v462) (i32.add (i32.const 12) (i32.mul (local.get $dlsi) (i32.const 8)))))))
  (call $rc_dec (local.get $v462))
  (call $rc_dec (local.get $v460))
  (call $__drop_list_anonrec_9fdb9233ebbcebd3 (local.get $v458))
  (call $__drop_list_anonrec_9fdb9233ebbcebd3 (local.get $v447))
  (call $rc_dec (local.get $v415))
  (call $rc_dec (i32.wrap_i64 (i64.load (i32.add (local.get $v407) (i32.const 12)))))
  (call $rc_dec (local.get $v407))
  (call $rc_dec (local.get $v403))
  (call $rc_dec (i32.wrap_i64 (i64.load (i32.add (local.get $v401) (i32.add (i32.const 12) (i32.mul (local.get $dlsi) (i32.const 8)))))))
  (call $rc_dec (local.get $v401))
  (call $__drop_list_anonrec_9fdb9233ebbcebd3 (local.get $v390))
  (call $rc_dec (local.get $v358))
  (call $rc_dec (local.get $v357))
  (call $rc_dec (i32.wrap_i64 (i64.load (i32.add (local.get $v350) (i32.const 12)))))
  (call $rc_dec (local.get $v350))
  (call $rc_dec (local.get $v346))
  (call $rc_dec (local.get $v345))
  (call $rc_dec (i32.wrap_i64 (i64.load (i32.add (local.get $v338) (i32.const 12)))))
  (call $rc_dec (local.get $v338))
  (call $rc_dec (local.get $v334))
  (call $rc_dec (local.get $v332))
  (call $rc_dec (i32.wrap_i64 (i64.load (i32.add (local.get $v325) (i32.const 12)))))
  (call $rc_dec (local.get $v325))
  (call $rc_dec (local.get $v321))
  (call $__drop_list_anonrec_9fdb9233ebbcebd3_int (local.get $v313))
  (call $rc_dec (local.get $v273))
  (call $rc_dec (local.get $v271))
  (call $rc_dec (local.get $v268))
  (call $rc_dec (i32.wrap_i64 (i64.load (i32.add (local.get $v267) (i32.add (i32.const 12) (i32.mul (local.get $dlsi) (i32.const 8)))))))
  (call $rc_dec (local.get $v267))
  (call $rc_dec (local.get $v266))
  (call $rc_dec (local.get $v263))
  (call $rc_dec (i32.wrap_i64 (i64.load (i32.add (local.get $v262) (i32.add (i32.const 12) (i32.mul (local.get $dlsi) (i32.const 8)))))))
  (call $rc_dec (local.get $v262))
  (call $rc_dec (local.get $v261))
  (call $rc_dec (local.get $v258))
  (call $rc_dec (i32.wrap_i64 (i64.load (i32.add (local.get $v257) (i32.add (i32.const 12) (i32.mul (local.get $dlsi) (i32.const 8)))))))
  (call $rc_dec (local.get $v257))
  (call $rc_dec (local.get $v256))
  (call $rc_dec (local.get $v253))
  (call $rc_dec (i32.wrap_i64 (i64.load (i32.add (local.get $v251) (i32.add (i32.const 12) (i32.mul (local.get $dlsi) (i32.const 8)))))))
  (call $rc_dec (local.get $v251))
  (call $rc_dec (local.get $v250))
  (call $rc_dec (local.get $v249))
  (call $rc_dec (i32.wrap_i64 (i64.load (i32.add (local.get $v246) (i32.add (i32.const 12) (i32.mul (local.get $dlsi) (i32.const 8)))))))
  (call $rc_dec (local.get $v246))
  (call $__drop_list_str_str (local.get $v238))
  (call $rc_dec (local.get $v210))
  (call $rc_dec (i32.wrap_i64 (i64.load (i32.add (local.get $v208) (i32.add (i32.const 12) (i32.mul (local.get $dlsi) (i32.const 8)))))))
  (call $rc_dec (local.get $v208))
  (call $rc_dec (local.get $v207))
  (call $rc_dec (local.get $v204))
  (call $rc_dec (i32.wrap_i64 (i64.load (i32.add (local.get $v202) (i32.add (i32.const 12) (i32.mul (local.get $dlsi) (i32.const 8)))))))
  (call $rc_dec (local.get $v202))
  (call $rc_dec (local.get $v201))
  (call $rc_dec (local.get $v198))
  (call $rc_dec (local.get $v196))
  (call $rc_dec (local.get $v193))
  (call $rc_dec (local.get $v191))
  (call $rc_dec (local.get $v188))
  (call $rc_dec (i32.wrap_i64 (i64.load (i32.add (local.get $v186) (i32.add (i32.const 12) (i32.mul (local.get $dlsi) (i32.const 8)))))))
  (call $rc_dec (local.get $v186))
  (call $rc_dec (i32.wrap_i64 (i64.load (i32.add (local.get $v175) (i32.add (i32.const 12) (i32.mul (local.get $dlsi) (i32.const 8)))))))
  (call $rc_dec (local.get $v175))
  (call $rc_dec (local.get $v164))
  (call $rc_dec (i32.wrap_i64 (i64.load (i32.add (local.get $v162) (i32.add (i32.const 12) (i32.mul (local.get $dlsi) (i32.const 8)))))))
  (call $rc_dec (local.get $v162))
  (call $rc_dec (i32.wrap_i64 (i64.load (i32.add (local.get $v142) (i32.add (i32.const 12) (i32.mul (local.get $dlsi) (i32.const 8)))))))
  (call $rc_dec (local.get $v142))
  (call $rc_dec (local.get $v140))
  (call $rc_dec (i32.wrap_i64 (i64.load (i32.add (local.get $v138) (i32.add (i32.const 12) (i32.mul (local.get $dlsi) (i32.const 8)))))))
  (call $rc_dec (local.get $v138))
  (call $rc_dec (i32.wrap_i64 (i64.load (i32.add (local.get $v112) (i32.add (i32.const 12) (i32.mul (local.get $dlsi) (i32.const 8)))))))
  (call $rc_dec (local.get $v112))
  (call $rc_dec (local.get $v110))
  (call $rc_dec (i32.wrap_i64 (i64.load (i32.add (local.get $v108) (i32.add (i32.const 12) (i32.mul (local.get $dlsi) (i32.const 8)))))))
  (call $rc_dec (local.get $v108))
  (call $rc_dec (i32.wrap_i64 (i64.load (i32.add (local.get $v76) (i32.add (i32.const 12) (i32.mul (local.get $dlsi) (i32.const 8)))))))
  (call $rc_dec (local.get $v76))
  (call $rc_dec (local.get $v74))
  (call $rc_dec (local.get $v73))
  (call $rc_dec (local.get $v72))
  (call $rc_dec (local.get $v69))
  (call $rc_dec (local.get $v68))
  (call $rc_dec (local.get $v67))
  (call $rc_dec (local.get $v64))
  (call $rc_dec (local.get $v63))
  (call $rc_dec (local.get $v62))
  (call $rc_dec (local.get $v59))
  (call $rc_dec (local.get $v58))
  (call $rc_dec (local.get $v57))
  (call $rc_dec (local.get $v54))
  (call $rc_dec (local.get $v52))
  (call $rc_dec (local.get $v49))
  (call $rc_dec (local.get $v47))
  (call $rc_dec (i32.wrap_i64 (i64.load (i32.add (local.get $v31) (i32.add (i32.const 12) (i32.mul (local.get $dlsi) (i32.const 8)))))))
  (call $rc_dec (local.get $v31))
  (call $rc_dec (local.get $v29))
  (call $rc_dec (local.get $v27))
  (call $rc_dec (local.get $v24))
  (call $rc_dec (local.get $v22))
  (call $rc_dec (local.get $v19))
  (call $rc_dec (local.get $v17))
  (call $rc_dec (i32.wrap_i64 (i64.load (i32.add (local.get $v1) (i32.add (i32.const 12) (i32.mul (local.get $dlsi) (i32.const 8)))))))
  (call $rc_dec (local.get $v1))
fn $__drop_P
  (call $rc_dec (i32.wrap_i64 (local.get $v9)))
  (call $rc_dec (i32.wrap_i64 (local.get $v1)))
fn $__drop_list_opt_P
  (call $__drop_list_opt_P_loop (local.get $v1) (local.get $v9) (i64.const 0))
  (call $rc_dec (i32.wrap_i64 (local.get $v1)))
fn $__drop_list_opt_P_loop
  (call $__drop_opt_P (local.get $v13))
fn $__drop_tup_int_P
  (call $__drop_P (local.get $v9))
  (call $rc_dec (i32.wrap_i64 (local.get $v1)))
fn $__drop_anonrec_9fdb9233ebbcebd3
  (call $rc_dec (i32.wrap_i64 (local.get $v9)))
  (call $rc_dec (i32.wrap_i64 (local.get $v1)))
fn $__drop_list_anonrec_9fdb9233ebbcebd3
  (call $__drop_list_anonrec_9fdb9233ebbcebd3_loop (local.get $v1) (local.get $v9) (i64.const 0))
  (call $rc_dec (i32.wrap_i64 (local.get $v1)))
fn $__drop_list_anonrec_9fdb9233ebbcebd3_loop
  (call $__drop_anonrec_9fdb9233ebbcebd3 (local.get $v13))
fn $__drop_list_anonrec_9fdb9233ebbcebd3_int
  (call $__drop_list_anonrec_9fdb9233ebbcebd3_int_loop (local.get $v1) (local.get $v9) (i64.const 0))
  (call $rc_dec (i32.wrap_i64 (local.get $v1)))
fn $__drop_list_anonrec_9fdb9233ebbcebd3_int_loop
  (call $__drop_anonrec_9fdb9233ebbcebd3 (local.get $v21))
  (call $rc_dec (i32.wrap_i64 (local.get $v13)))
fn $__drop_list_P
  (call $__drop_list_P_loop (local.get $v1) (local.get $v9) (i64.const 0))
  (call $rc_dec (i32.wrap_i64 (local.get $v1)))
fn $__drop_list_P_loop
  (call $__drop_P (local.get $v13))
fn $__drop_list_P_int
  (call $__drop_list_P_int_loop (local.get $v1) (local.get $v9) (i64.const 0))
  (call $rc_dec (i32.wrap_i64 (local.get $v1)))
fn $__drop_list_P_int_loop
  (call $__drop_P (local.get $v21))
  (call $rc_dec (i32.wrap_i64 (local.get $v13)))
fn $__repr_rec_P
  (call $rc_dec (local.get $v17))
  (call $rc_dec (local.get $v16))
  (call $rc_dec (local.get $v15))
  (call $rc_dec (local.get $v14))
  (call $rc_dec (local.get $v13))
  (call $rc_dec (local.get $v12))
  (call $rc_dec (local.get $v11))
  (call $rc_dec (local.get $v10))
  (call $rc_dec (local.get $v9))
  (call $rc_dec (local.get $v5))
fn $__krec_norm_P
  (call $rc_dec (local.get $v19))
  (call $rc_dec (local.get $v18))
  (call $rc_dec (local.get $v17))
  (call $rc_dec (local.get $v13))
  (call $rc_dec (local.get $v12))
  (call $rc_dec (local.get $v11))
  (call $rc_dec (local.get $v10))
  (call $rc_dec (local.get $v9))
  (call $rc_dec (local.get $v8))
  (call $rc_dec (local.get $v7))
  (call $rc_dec (local.get $v5))
fn $__krec_mfl_P_iv_at
  (call $rc_inc (local.get $v2))
  (call $rc_dec (i32.wrap_i64 (i64.load (i32.add (local.get $v3) (i32.add (i32.const 12) (i32.mul (local.get $dlsi) (i32.const 8)))))))
  (call $rc_dec (local.get $v3))
  (call $rc_dec (local.get $v27))
  (call $rc_dec (i32.wrap_i64 (i64.load (i32.add (local.get $v10) (i32.add (i32.const 12) (i32.mul (local.get $dlsi) (i32.const 8)))))))
  (call $rc_dec (local.get $v10))
  (call $rc_inc (local.get $v3))
  (call $rc_inc (local.get $v3))
  (call $rc_dec (i32.wrap_i64 (i64.load (i32.add (local.get $v3) (i32.add (i32.const 12) (i32.mul (local.get $dlsi) (i32.const 8)))))))
  (call $rc_dec (local.get $v3))
fn $__krec_map_from_list_P_iv
  (call $rc_dec (i32.wrap_i64 (i64.load (i32.add (local.get $v1) (i32.add (i32.const 12) (i32.mul (local.get $dlsi) (i32.const 8)))))))
  (call $rc_dec (local.get $v1))
fn $__krec_map_set_P_iv
  (call $rc_dec (local.get $v3))
fn $__krec_map_get_P_iv
  (call $rc_dec (local.get $v2))
fn $__krec_map_contains_P_iv
  (call $rc_dec (local.get $v2))
fn $__krec_sfl_P_at
  (call $rc_inc (local.get $v2))
  (call $rc_dec (i32.wrap_i64 (i64.load (i32.add (local.get $v3) (i32.add (i32.const 12) (i32.mul (local.get $dlsi) (i32.const 8)))))))
  (call $rc_dec (local.get $v3))
  (call $rc_dec (local.get $v20))
  (call $rc_dec (i32.wrap_i64 (i64.load (i32.add (local.get $v10) (i32.add (i32.const 12) (i32.mul (local.get $dlsi) (i32.const 8)))))))
  (call $rc_dec (local.get $v10))
  (call $rc_inc (local.get $v3))
  (call $rc_inc (local.get $v3))
  (call $rc_dec (i32.wrap_i64 (i64.load (i32.add (local.get $v3) (i32.add (i32.const 12) (i32.mul (local.get $dlsi) (i32.const 8)))))))
  (call $rc_dec (local.get $v3))
fn $__krec_set_from_list_P
  (call $rc_dec (i32.wrap_i64 (i64.load (i32.add (local.get $v1) (i32.add (i32.const 12) (i32.mul (local.get $dlsi) (i32.const 8)))))))
  (call $rc_dec (local.get $v1))
fn $__krec_set_insert_P
  (call $rc_dec (local.get $v2))
fn $__krec_set_contains_P
  (call $rc_dec (local.get $v2))
fn $__krec_norm_anonrec_9fdb9233ebbcebd3
  (call $rc_dec (local.get $v19))
  (call $rc_dec (local.get $v18))
  (call $rc_dec (local.get $v17))
  (call $rc_dec (local.get $v13))
  (call $rc_dec (local.get $v12))
  (call $rc_dec (local.get $v11))
  (call $rc_dec (local.get $v10))
  (call $rc_dec (local.get $v9))
  (call $rc_dec (local.get $v8))
  (call $rc_dec (local.get $v7))
  (call $rc_dec (local.get $v5))
fn $__krec_uniqfill_anonrec_9fdb9233ebbcebd3
  (call $rc_inc (local.get $v5))
  (call $rc_inc (i32.wrap_i64 (local.get $v27)))
  (call $rc_dec (i32.wrap_i64 (i64.load (i32.add (local.get $v6) (i32.add (i32.const 12) (i32.mul (local.get $dlsi) (i32.const 8)))))))
  (call $rc_dec (local.get $v6))
  (call $rc_dec (local.get $v18))
  (call $rc_dec (i32.wrap_i64 (i64.load (i32.add (local.get $v6) (i32.add (i32.const 12) (i32.mul (local.get $dlsi) (i32.const 8)))))))
  (call $rc_dec (local.get $v6))
fn $__krec_list_unique_anonrec_9fdb9233ebbcebd3
  (call $rc_dec (i32.wrap_i64 (i64.load (i32.add (local.get $v6) (i32.add (i32.const 12) (i32.mul (local.get $dlsi) (i32.const 8)))))))
  (call $rc_dec (local.get $v6))
fn $__drop_opt_str_str
  (call $rc_dec (i32.wrap_i64 (local.get $v22)))
  (call $rc_dec (i32.wrap_i64 (local.get $v25)))
  (call $rc_dec (i32.wrap_i64 (local.get $v14)))
  (call $rc_dec (i32.wrap_i64 (local.get $v1)))
fn $__uh_acquire
  (call $rc_inc (i32.wrap_i64 (local.get $v0)))
fn $__mget_str_some
  (call $rc_inc (local.get $v10))
  (call $rc_dec (local.get $v10))
fn $__get_value_some
  (call $rc_inc (local.get $v7))
fn $__ssdrop_list
  (call $rc_dec (i32.wrap_i64 (local.get $v23)))
  (call $rc_dec (i32.wrap_i64 (local.get $v26)))
  (call $rc_dec (i32.wrap_i64 (local.get $v15)))
fn $__drop_list_str_str
  (call $rc_dec (i32.wrap_i64 (local.get $v1)))
fn $__srec_key_go
  (call $rc_dec (local.get $v5))
  (call $rc_dec (local.get $v21))
  (call $rc_dec (local.get $v20))
  (call $rc_dec (local.get $v19))
  (call $rc_dec (local.get $v4))
fn $__srec_key
  (call $rc_dec (local.get $v5))
fn $__msr_at
  (call $rc_inc (local.get $v2))
  (call $rc_dec (i32.wrap_i64 (i64.load (i32.add (local.get $v3) (i32.add (i32.const 12) (i32.mul (local.get $dlsi) (i32.const 8)))))))
  (call $rc_dec (local.get $v3))
  (call $rc_dec (local.get $v27))
  (call $rc_dec (i32.wrap_i64 (i64.load (i32.add (local.get $v10) (i32.add (i32.const 12) (i32.mul (local.get $dlsi) (i32.const 8)))))))
  (call $rc_dec (local.get $v10))
  (call $rc_inc (local.get $v3))
  (call $rc_inc (local.get $v3))
  (call $rc_dec (i32.wrap_i64 (i64.load (i32.add (local.get $v3) (i32.add (i32.const 12) (i32.mul (local.get $dlsi) (i32.const 8)))))))
  (call $rc_dec (local.get $v3))
fn $map.from_list_srec
  (call $rc_dec (i32.wrap_i64 (i64.load (i32.add (local.get $v1) (i32.add (i32.const 12) (i32.mul (local.get $dlsi) (i32.const 8)))))))
  (call $rc_dec (local.get $v1))
fn $map.get_srec
  (call $rc_dec (local.get $v2))
fn $map.set_srec
  (call $rc_dec (local.get $v3))
fn $map.contains_srec
  (call $rc_dec (local.get $v2))
fn $__sfl_srec_at
  (call $rc_inc (local.get $v2))
  (call $rc_dec (i32.wrap_i64 (i64.load (i32.add (local.get $v3) (i32.add (i32.const 12) (i32.mul (local.get $dlsi) (i32.const 8)))))))
  (call $rc_dec (local.get $v3))
  (call $rc_dec (local.get $v20))
  (call $rc_dec (i32.wrap_i64 (i64.load (i32.add (local.get $v10) (i32.add (i32.const 12) (i32.mul (local.get $dlsi) (i32.const 8)))))))
  (call $rc_dec (local.get $v10))
  (call $rc_inc (local.get $v3))
  (call $rc_inc (local.get $v3))
  (call $rc_dec (i32.wrap_i64 (i64.load (i32.add (local.get $v3) (i32.add (i32.const 12) (i32.mul (local.get $dlsi) (i32.const 8)))))))
  (call $rc_dec (local.get $v3))
fn $set.from_list_srec
  (call $rc_dec (i32.wrap_i64 (i64.load (i32.add (local.get $v1) (i32.add (i32.const 12) (i32.mul (local.get $dlsi) (i32.const 8)))))))
  (call $rc_dec (local.get $v1))
fn $set.insert_srec
  (call $rc_dec (local.get $v2))
fn $set.contains_srec
  (call $rc_dec (local.get $v2))
fn $string.repeat
  (call $rc_dec (local.get $v17))
