fn $main
  (call $rc_dec (local.get $v23))
  (call $rc_dec (local.get $v24))
  (call $rc_dec (local.get $v19))
  (call $rc_dec (local.get $v29))
  (call $rc_dec (local.get $v30))
  (call $rc_dec (local.get $v25))
  (call $rc_dec (local.get $v10))
  (call $rc_dec (local.get $v44))
  (call $rc_dec (local.get $v45))
  (call $rc_dec (local.get $v40))
  (call $rc_dec (local.get $v50))
  (call $rc_dec (local.get $v51))
  (call $rc_dec (local.get $v46))
  (call $rc_dec (local.get $v31))
  (call $rc_dec (local.get $v1))
  (call $rc_dec (local.get $v0))
fn $__drop_opt_str_str
  (call $rc_dec (i32.wrap_i64 (local.get $v22)))
  (call $rc_dec (i32.wrap_i64 (local.get $v25)))
  (call $rc_dec (i32.wrap_i64 (local.get $v14)))
  (call $rc_dec (i32.wrap_i64 (local.get $v1)))
