fn $cell
  (call $rc_dec (local.get $v7))
  (call $rc_dec (local.get $v4))
  (call $rc_dec (local.get $v12))
  (call $rc_dec (local.get $v9))
fn $pshow
  (call $rc_dec (local.get $v3))
fn $ints
  (call $rc_dec (local.get $v22))
  (call $rc_dec (i32.wrap_i64 (i64.load (i32.add (local.get $v5) (i32.add (i32.const 12) (i32.mul (local.get $dlsi) (i32.const 8)))))))
  (call $rc_dec (local.get $v5))
fn $main
  (call $rc_dec (local.get $v605))
  (call $rc_dec (local.get $v604))
  (call $rc_dec (local.get $v603))
  (call $rc_dec (i32.wrap_i64 (i64.load (i32.add (local.get $v586) (i32.add (i32.const 12) (i32.mul (local.get $dlsi) (i32.const 8)))))))
  (call $rc_dec (local.get $v586))
  (call $rc_dec (i32.wrap_i64 (i64.load (i32.add (local.get $v581) (i32.add (i32.const 12) (i32.mul (local.get $dlsi) (i32.const 8)))))))
  (call $rc_dec (local.get $v581))
  (call $__drop_closure (local.get $v580))
  (call $rc_dec (local.get $v577))
  (call $rc_dec (local.get $v576))
  (call $rc_dec (local.get $v575))
  (call $rc_dec (local.get $v574))
  (call $rc_dec (i32.wrap_i64 (i64.load (i32.add (local.get $v557) (i32.add (i32.const 12) (i32.mul (local.get $dlsi) (i32.const 8)))))))
  (call $rc_dec (local.get $v557))
  (call $rc_dec (local.get $v552))
  (call $rc_dec (local.get $v551))
  (call $rc_dec (local.get $v550))
  (call $rc_dec (local.get $v549))
  (call $rc_dec (i32.wrap_i64 (i64.load (i32.add (local.get $v532) (i32.add (i32.const 12) (i32.mul (local.get $dlsi) (i32.const 8)))))))
  (call $rc_dec (local.get $v532))
  (call $rc_dec (i32.wrap_i64 (i64.load (i32.add (local.get $v527) (i32.add (i32.const 12) (i32.mul (local.get $dlsi) (i32.const 8)))))))
  (call $rc_dec (local.get $v527))
  (call $rc_dec (local.get $v526))
  (call $rc_dec (local.get $v525))
  (call $rc_dec (local.get $v524))
  (call $rc_dec (local.get $v523))
  (call $rc_dec (i32.wrap_i64 (i64.load (i32.add (local.get $v506) (i32.add (i32.const 12) (i32.mul (local.get $dlsi) (i32.const 8)))))))
  (call $rc_dec (local.get $v506))
  (call $rc_dec (i32.wrap_i64 (i64.load (i32.add (local.get $v501) (i32.add (i32.const 12) (i32.mul (local.get $dlsi) (i32.const 8)))))))
  (call $rc_dec (local.get $v501))
  (call $rc_dec (local.get $v500))
  (call $rc_dec (local.get $v499))
  (call $rc_dec (local.get $v498))
  (call $rc_dec (local.get $v497))
  (call $rc_dec (i32.wrap_i64 (i64.load (i32.add (local.get $v480) (i32.add (i32.const 12) (i32.mul (local.get $dlsi) (i32.const 8)))))))
  (call $rc_dec (local.get $v480))
  (call $rc_dec (i32.wrap_i64 (i64.load (i32.add (local.get $v475) (i32.add (i32.const 12) (i32.mul (local.get $dlsi) (i32.const 8)))))))
  (call $rc_dec (local.get $v475))
  (call $rc_dec (local.get $v474))
  (call $rc_dec (i32.wrap_i64 (i64.load (i32.add (local.get $v454) (i32.add (i32.const 12) (i32.mul (local.get $dlsi) (i32.const 8)))))))
  (call $rc_dec (local.get $v454))
  (call $rc_dec (local.get $v452))
  (call $rc_dec (local.get $v451))
  (call $rc_dec (local.get $v450))
  (call $rc_dec (i32.wrap_i64 (i64.load (i32.add (local.get $v433) (i32.add (i32.const 12) (i32.mul (local.get $dlsi) (i32.const 8)))))))
  (call $rc_dec (local.get $v433))
  (call $rc_dec (local.get $v428))
  (call $rc_dec (local.get $v427))
  (call $rc_dec (local.get $v426))
  (call $rc_dec (local.get $v425))
  (call $rc_dec (i32.wrap_i64 (i64.load (i32.add (local.get $v408) (i32.add (i32.const 12) (i32.mul (local.get $dlsi) (i32.const 8)))))))
  (call $rc_dec (local.get $v408))
  (call $__drop_list_Pt (local.get $v403))
  (call $rc_dec (local.get $v402))
  (call $rc_dec (local.get $v401))
  (call $rc_dec (local.get $v400))
  (call $rc_dec (local.get $v399))
  (call $rc_dec (i32.wrap_i64 (i64.load (i32.add (local.get $v382) (i32.add (i32.const 12) (i32.mul (local.get $dlsi) (i32.const 8)))))))
  (call $rc_dec (local.get $v382))
  (call $__drop_list_Pt (local.get $v377))
  (call $__drop_Pt (local.get $v370))
  (call $rc_dec (local.get $v366))
  (call $rc_dec (local.get $v365))
  (call $rc_dec (local.get $v364))
  (call $rc_dec (local.get $v363))
  (call $rc_dec (i32.wrap_i64 (i64.load (i32.add (local.get $v346) (i32.add (i32.const 12) (i32.mul (local.get $dlsi) (i32.const 8)))))))
  (call $rc_dec (local.get $v346))
  (call $__drop_list_Pt (local.get $v341))
  (call $rc_dec (local.get $v340))
  (call $__drop_list_Pt (local.get $v299))
  (call $rc_dec (local.get $v297))
  (call $rc_dec (local.get $v296))
  (call $rc_dec (local.get $v295))
  (call $rc_dec (i32.wrap_i64 (i64.load (i32.add (local.get $v278) (i32.add (i32.const 12) (i32.mul (local.get $dlsi) (i32.const 8)))))))
  (call $rc_dec (local.get $v278))
  (call $rc_dec (i32.wrap_i64 (i64.load (i32.add (local.get $v273) (i32.add (i32.const 12) (i32.mul (local.get $dlsi) (i32.const 8)))))))
  (call $rc_dec (local.get $v273))
  (call $__drop_closure (local.get $v272))
  (call $rc_dec (local.get $v269))
  (call $rc_dec (local.get $v268))
  (call $rc_dec (local.get $v267))
  (call $rc_dec (local.get $v266))
  (call $rc_dec (i32.wrap_i64 (i64.load (i32.add (local.get $v249) (i32.add (i32.const 12) (i32.mul (local.get $dlsi) (i32.const 8)))))))
  (call $rc_dec (local.get $v249))
  (call $rc_dec (i32.wrap_i64 (i64.load (i32.add (local.get $v244) (i32.add (i32.const 12) (i32.mul (local.get $dlsi) (i32.const 8)))))))
  (call $rc_dec (local.get $v244))
  (call $__drop_closure (local.get $v243))
  (call $rc_dec (local.get $v240))
  (call $rc_dec (local.get $v239))
  (call $rc_dec (local.get $v238))
  (call $rc_dec (local.get $v237))
  (call $rc_dec (i32.wrap_i64 (i64.load (i32.add (local.get $v220) (i32.add (i32.const 12) (i32.mul (local.get $dlsi) (i32.const 8)))))))
  (call $rc_dec (local.get $v220))
  (call $rc_dec (local.get $v215))
  (call $rc_dec (local.get $v214))
  (call $rc_dec (local.get $v213))
  (call $rc_dec (local.get $v212))
  (call $rc_dec (i32.wrap_i64 (i64.load (i32.add (local.get $v195) (i32.add (i32.const 12) (i32.mul (local.get $dlsi) (i32.const 8)))))))
  (call $rc_dec (local.get $v195))
  (call $rc_dec (i32.wrap_i64 (i64.load (i32.add (local.get $v190) (i32.add (i32.const 12) (i32.mul (local.get $dlsi) (i32.const 8)))))))
  (call $rc_dec (local.get $v190))
  (call $rc_dec (local.get $v189))
  (call $rc_dec (local.get $v188))
  (call $rc_dec (local.get $v187))
  (call $rc_dec (local.get $v186))
  (call $rc_dec (i32.wrap_i64 (i64.load (i32.add (local.get $v169) (i32.add (i32.const 12) (i32.mul (local.get $dlsi) (i32.const 8)))))))
  (call $rc_dec (local.get $v169))
  (call $rc_dec (i32.wrap_i64 (i64.load (i32.add (local.get $v164) (i32.add (i32.const 12) (i32.mul (local.get $dlsi) (i32.const 8)))))))
  (call $rc_dec (local.get $v164))
  (call $rc_dec (local.get $v163))
  (call $rc_dec (local.get $v162))
  (call $rc_dec (local.get $v161))
  (call $rc_dec (local.get $v160))
  (call $rc_dec (i32.wrap_i64 (i64.load (i32.add (local.get $v143) (i32.add (i32.const 12) (i32.mul (local.get $dlsi) (i32.const 8)))))))
  (call $rc_dec (local.get $v143))
  (call $rc_dec (i32.wrap_i64 (i64.load (i32.add (local.get $v138) (i32.add (i32.const 12) (i32.mul (local.get $dlsi) (i32.const 8)))))))
  (call $rc_dec (local.get $v138))
  (call $rc_dec (local.get $v137))
  (call $rc_dec (local.get $v136))
  (call $rc_dec (local.get $v135))
  (call $rc_dec (local.get $v134))
  (call $rc_dec (i32.wrap_i64 (i64.load (i32.add (local.get $v117) (i32.add (i32.const 12) (i32.mul (local.get $dlsi) (i32.const 8)))))))
  (call $rc_dec (local.get $v117))
  (call $rc_dec (i32.wrap_i64 (i64.load (i32.add (local.get $v112) (i32.add (i32.const 12) (i32.mul (local.get $dlsi) (i32.const 8)))))))
  (call $rc_dec (local.get $v112))
  (call $rc_dec (local.get $v111))
  (call $rc_dec (local.get $v110))
  (call $rc_dec (local.get $v109))
  (call $rc_dec (local.get $v108))
  (call $rc_dec (i32.wrap_i64 (i64.load (i32.add (local.get $v91) (i32.add (i32.const 12) (i32.mul (local.get $dlsi) (i32.const 8)))))))
  (call $rc_dec (local.get $v91))
  (call $rc_dec (i32.wrap_i64 (i64.load (i32.add (local.get $v86) (i32.add (i32.const 12) (i32.mul (local.get $dlsi) (i32.const 8)))))))
  (call $rc_dec (local.get $v86))
  (call $rc_dec (local.get $v85))
  (call $rc_dec (local.get $v82))
  (call $rc_dec (local.get $v81))
  (call $rc_dec (local.get $v80))
  (call $rc_dec (local.get $v79))
  (call $rc_dec (i32.wrap_i64 (i64.load (i32.add (local.get $v62) (i32.add (i32.const 12) (i32.mul (local.get $dlsi) (i32.const 8)))))))
  (call $rc_dec (local.get $v62))
  (call $rc_dec (i32.wrap_i64 (i64.load (i32.add (local.get $v57) (i32.add (i32.const 12) (i32.mul (local.get $dlsi) (i32.const 8)))))))
  (call $rc_dec (local.get $v57))
  (call $rc_dec (local.get $v56))
  (call $rc_dec (local.get $v53))
  (call $rc_dec (local.get $v52))
  (call $rc_dec (local.get $v51))
  (call $rc_dec (local.get $v50))
  (call $rc_dec (i32.wrap_i64 (i64.load (i32.add (local.get $v33) (i32.add (i32.const 12) (i32.mul (local.get $dlsi) (i32.const 8)))))))
  (call $rc_dec (local.get $v33))
  (call $rc_dec (i32.wrap_i64 (i64.load (i32.add (local.get $v28) (i32.add (i32.const 12) (i32.mul (local.get $dlsi) (i32.const 8)))))))
  (call $rc_dec (local.get $v28))
  (call $rc_dec (local.get $v27))
  (call $rc_dec (i32.wrap_i64 (i64.load (i32.add (local.get $v1) (i32.add (i32.const 12) (i32.mul (local.get $dlsi) (i32.const 8)))))))
  (call $rc_dec (local.get $v1))
fn $__drop_Pt
  (call $rc_dec (i32.wrap_i64 (local.get $v9)))
  (call $rc_dec (i32.wrap_i64 (local.get $v1)))
fn $__drop_list_opt_Pt
  (call $__drop_list_opt_Pt_loop (local.get $v1) (local.get $v9) (i64.const 0))
  (call $rc_dec (i32.wrap_i64 (local.get $v1)))
fn $__drop_list_opt_Pt_loop
  (call $__drop_opt_Pt (local.get $v13))
fn $__drop_tup_int_Pt
  (call $__drop_Pt (local.get $v9))
  (call $rc_dec (i32.wrap_i64 (local.get $v1)))
fn $__drop_list_Pt
  (call $__drop_list_Pt_loop (local.get $v1) (local.get $v9) (i64.const 0))
  (call $rc_dec (i32.wrap_i64 (local.get $v1)))
fn $__drop_list_Pt_loop
  (call $__drop_Pt (local.get $v13))
fn $__drop_list_Pt_int
  (call $__drop_list_Pt_int_loop (local.get $v1) (local.get $v9) (i64.const 0))
  (call $rc_dec (i32.wrap_i64 (local.get $v1)))
fn $__drop_list_Pt_int_loop
  (call $__drop_Pt (local.get $v21))
  (call $rc_dec (i32.wrap_i64 (local.get $v13)))
fn $__repr_rec_Pt
  (call $rc_dec (local.get $v17))
  (call $rc_dec (local.get $v16))
  (call $rc_dec (local.get $v15))
  (call $rc_dec (local.get $v14))
  (call $rc_dec (local.get $v13))
  (call $rc_dec (local.get $v12))
  (call $rc_dec (local.get $v11))
  (call $rc_dec (local.get $v10))
  (call $rc_dec (local.get $v9))
  (call $rc_dec (local.get $v5))
fn $__krec_norm_Pt
  (call $rc_dec (local.get $v19))
  (call $rc_dec (local.get $v18))
  (call $rc_dec (local.get $v17))
  (call $rc_dec (local.get $v16))
  (call $rc_dec (local.get $v15))
  (call $rc_dec (local.get $v14))
  (call $rc_dec (local.get $v9))
  (call $rc_dec (local.get $v8))
  (call $rc_dec (local.get $v7))
  (call $rc_dec (local.get $v6))
  (call $rc_dec (local.get $v2))
fn $__krec_uniqfill_Pt
  (call $rc_inc (local.get $v5))
  (call $rc_inc (i32.wrap_i64 (local.get $v27)))
  (call $rc_dec (i32.wrap_i64 (i64.load (i32.add (local.get $v6) (i32.add (i32.const 12) (i32.mul (local.get $dlsi) (i32.const 8)))))))
  (call $rc_dec (local.get $v6))
  (call $rc_dec (local.get $v18))
  (call $rc_dec (i32.wrap_i64 (i64.load (i32.add (local.get $v6) (i32.add (i32.const 12) (i32.mul (local.get $dlsi) (i32.const 8)))))))
  (call $rc_dec (local.get $v6))
fn $__krec_list_unique_Pt
  (call $rc_dec (i32.wrap_i64 (i64.load (i32.add (local.get $v6) (i32.add (i32.const 12) (i32.mul (local.get $dlsi) (i32.const 8)))))))
  (call $rc_dec (local.get $v6))
fn $__drop_closure
  (call $__drop_closure_loop (local.get $v1) (local.get $v21) (local.get $v13) (local.get $v26) (local.get $v29) (local.get $v16) (i64.const 0))
  (call $rc_dec (i32.wrap_i64 (local.get $v1)))
fn $__drop_closure_loop
  (call $__drop_closure (local.get $v22))
  (call $__drop_env_rich (local.get $v30))
  (call $__drop_list_str (local.get $v39))
  (call $rc_dec (i32.wrap_i64 (local.get $v49)))
  (call $__drop_cellmap (local.get $v55))
fn $__drop_cellmap
  (call $__drop_list_str (local.get $v8))
  (call $rc_dec (i32.wrap_i64 (local.get $v0)))
fn $__drop_env_rich
  (call $__drop_caplist_Pt (local.get $v13))
  (call $rc_dec (i32.wrap_i64 (local.get $v0)))
fn $__drop_caplist_Pt
  (call $__drop_caplist_Pt_loop (local.get $v1) (local.get $v9) (i64.const 0))
  (call $rc_dec (i32.wrap_i64 (local.get $v1)))
fn $__drop_caplist_Pt_loop
  (call $__drop_Pt (local.get $v13))
fn $__drop_list_str
  (call $__drop_list_str_loop (local.get $v1) (local.get $v9) (i64.const 0))
  (call $rc_dec (i32.wrap_i64 (local.get $v1)))
fn $__drop_list_str_loop
  (call $rc_dec (i32.wrap_i64 (local.get $v13)))
fn $__drop_opt_str_str
  (call $rc_dec (i32.wrap_i64 (local.get $v22)))
  (call $rc_dec (i32.wrap_i64 (local.get $v25)))
  (call $rc_dec (i32.wrap_i64 (local.get $v14)))
  (call $rc_dec (i32.wrap_i64 (local.get $v1)))
fn $__dg_string_main
  (call $rc_dec (local.get $v34))
fn $__lsh_copy
  (call $rc_inc (i32.wrap_i64 (local.get $v12)))
fn $__lsh_set
  (call $rc_dec (i32.wrap_i64 (local.get $v16)))
  (call $rc_inc (i32.wrap_i64 (local.get $v17)))
fn $__lshu_val
  (call $rc_inc (i32.wrap_i64 (local.get $v8)))
  (call $rc_dec (local.get $v5))
  (call $rc_inc (i32.wrap_i64 (local.get $v10)))
fn $__lsh_insert_fill
  (call $rc_inc (i32.wrap_i64 (local.get $v6)))
fn $string.repeat
  (call $rc_dec (local.get $v17))
