fn $main
  (call $rc_dec (local.get $v49))
  (call $rc_dec (local.get $v48))
  (call $rc_dec (local.get $v47))
  (call $rc_dec (local.get $v46))
  (call $rc_dec (local.get $v45))
  (call $rc_dec (local.get $v44))
  (call $rc_dec (local.get $v43))
  (call $rc_dec (local.get $v42))
  (call $rc_dec (local.get $v41))
  (call $rc_dec (local.get $v40))
  (call $rc_dec (local.get $v39))
  (call $rc_dec (local.get $v38))
  (call $rc_dec (local.get $v37))
  (call $rc_dec (local.get $v36))
  (call $rc_dec (local.get $v35))
  (call $rc_dec (local.get $v34))
  (call $rc_dec (local.get $v33))
  (call $rc_dec (local.get $v32))
  (call $rc_dec (local.get $v31))
  (call $rc_dec (local.get $v30))
  (call $rc_dec (local.get $v29))
  (call $rc_dec (local.get $v28))
  (call $rc_dec (local.get $v27))
  (call $rc_dec (local.get $v26))
  (call $rc_dec (local.get $v25))
  (call $rc_dec (local.get $v24))
  (call $rc_dec (local.get $v23))
  (call $rc_dec (local.get $v22))
  (call $rc_dec (local.get $v21))
  (call $rc_dec (local.get $v20))
  (call $rc_dec (local.get $v19))
  (call $rc_dec (i32.wrap_i64 (i64.load (i32.add (local.get $v5) (i32.add (i32.const 12) (i32.mul (local.get $dlsi) (i32.const 8)))))))
  (call $rc_dec (local.get $v5))
  (call $rc_dec (local.get $v3))
  (call $rc_dec (local.get $v2))
  (call $rc_dec (local.get $v1))
  (call $rc_dec (local.get $v0))
fn $__drop_opt_str_str
  (call $rc_dec (i32.wrap_i64 (local.get $v22)))
  (call $rc_dec (i32.wrap_i64 (local.get $v25)))
  (call $rc_dec (i32.wrap_i64 (local.get $v14)))
  (call $rc_dec (i32.wrap_i64 (local.get $v1)))
fn $__to_upper_walk
  (call $rc_dec (local.get $v28))
fn $string.to_upper
  (call $rc_dec (local.get $v19))
  (call $rc_dec (local.get $v15))
