fn $main
  (call $rc_inc (local.get $v61))
  (call $rc_inc (local.get $v118))
  (call $rc_dec (i32.wrap_i64 (i64.load (i32.add (local.get $v128) (i32.add (i32.const 12) (i32.mul (local.get $dlsi) (i32.const 8)))))))
  (call $rc_dec (local.get $v128))
  (call $rc_dec (local.get $v145))
  (call $rc_dec (local.get $v144))
  (call $rc_dec (local.get $v142))
  (call $rc_dec (local.get $v141))
  (call $rc_dec (local.get $v140))
  (call $rc_dec (local.get $v139))
  (call $rc_dec (local.get $v137))
  (call $rc_dec (i32.wrap_i64 (i64.load (i32.add (local.get $v130) (i32.add (i32.const 12) (i32.mul (local.get $dlsi) (i32.const 8)))))))
  (call $rc_dec (local.get $v130))
  (call $rc_dec (i32.wrap_i64 (i64.load (i32.add (local.get $v128) (i32.add (i32.const 12) (i32.mul (local.get $dlsi) (i32.const 8)))))))
  (call $rc_dec (local.get $v128))
  (call $rc_dec (i32.wrap_i64 (i64.load (i32.add (local.get $v118) (i32.add (i32.const 12) (i32.mul (local.get $dlsi) (i32.const 8)))))))
  (call $rc_dec (local.get $v118))
  (call $rc_dec (local.get $v116))
  (call $rc_dec (local.get $v111))
  (call $rc_dec (local.get $v110))
  (call $rc_dec (local.get $v109))
  (call $rc_dec (local.get $v108))
  (call $rc_dec (local.get $v105))
  (call $rc_dec (local.get $v104))
  (call $rc_dec (local.get $v103))
  (call $rc_dec (local.get $v98))
  (call $rc_dec (local.get $v97))
  (call $rc_dec (local.get $v92))
  (call $rc_dec (local.get $v91))
  (call $rc_dec (local.get $v90))
  (call $rc_dec (local.get $v89))
  (call $rc_dec (local.get $v86))
  (call $rc_dec (local.get $v85))
  (call $rc_dec (local.get $v84))
  (call $rc_dec (local.get $v79))
  (call $__drop_Person (local.get $v69))
  (call $__drop_Person (local.get $v48))
  (call $rc_dec (local.get $v43))
  (call $rc_inc (local.get $v164))
  (call $rc_inc (local.get $v221))
  (call $rc_dec (i32.wrap_i64 (i64.load (i32.add (local.get $v231) (i32.add (i32.const 12) (i32.mul (local.get $dlsi) (i32.const 8)))))))
  (call $rc_dec (local.get $v231))
  (call $rc_dec (local.get $v248))
  (call $rc_dec (local.get $v247))
  (call $rc_dec (local.get $v245))
  (call $rc_dec (local.get $v244))
  (call $rc_dec (local.get $v243))
  (call $rc_dec (local.get $v242))
  (call $rc_dec (local.get $v240))
  (call $rc_dec (i32.wrap_i64 (i64.load (i32.add (local.get $v233) (i32.add (i32.const 12) (i32.mul (local.get $dlsi) (i32.const 8)))))))
  (call $rc_dec (local.get $v233))
  (call $rc_dec (i32.wrap_i64 (i64.load (i32.add (local.get $v231) (i32.add (i32.const 12) (i32.mul (local.get $dlsi) (i32.const 8)))))))
  (call $rc_dec (local.get $v231))
  (call $rc_dec (i32.wrap_i64 (i64.load (i32.add (local.get $v221) (i32.add (i32.const 12) (i32.mul (local.get $dlsi) (i32.const 8)))))))
  (call $rc_dec (local.get $v221))
  (call $rc_dec (local.get $v219))
  (call $rc_dec (local.get $v214))
  (call $rc_dec (local.get $v213))
  (call $rc_dec (local.get $v212))
  (call $rc_dec (local.get $v211))
  (call $rc_dec (local.get $v208))
  (call $rc_dec (local.get $v207))
  (call $rc_dec (local.get $v206))
  (call $rc_dec (local.get $v201))
  (call $rc_dec (local.get $v200))
  (call $rc_dec (local.get $v195))
  (call $rc_dec (local.get $v194))
  (call $rc_dec (local.get $v193))
  (call $rc_dec (local.get $v192))
  (call $rc_dec (local.get $v189))
  (call $rc_dec (local.get $v188))
  (call $rc_dec (local.get $v187))
  (call $rc_dec (local.get $v182))
  (call $__drop_Person (local.get $v172))
  (call $__drop_Person (local.get $v151))
  (call $rc_dec (local.get $v146))
  (call $rc_dec (local.get $v41))
  (call $rc_dec (local.get $v40))
  (call $rc_inc (local.get $v270))
  (call $rc_inc (local.get $v327))
  (call $rc_dec (i32.wrap_i64 (i64.load (i32.add (local.get $v337) (i32.add (i32.const 12) (i32.mul (local.get $dlsi) (i32.const 8)))))))
  (call $rc_dec (local.get $v337))
  (call $rc_dec (local.get $v354))
  (call $rc_dec (local.get $v353))
  (call $rc_dec (local.get $v351))
  (call $rc_dec (local.get $v350))
  (call $rc_dec (local.get $v349))
  (call $rc_dec (local.get $v348))
  (call $rc_dec (local.get $v346))
  (call $rc_dec (i32.wrap_i64 (i64.load (i32.add (local.get $v339) (i32.add (i32.const 12) (i32.mul (local.get $dlsi) (i32.const 8)))))))
  (call $rc_dec (local.get $v339))
  (call $rc_dec (i32.wrap_i64 (i64.load (i32.add (local.get $v337) (i32.add (i32.const 12) (i32.mul (local.get $dlsi) (i32.const 8)))))))
  (call $rc_dec (local.get $v337))
  (call $rc_dec (i32.wrap_i64 (i64.load (i32.add (local.get $v327) (i32.add (i32.const 12) (i32.mul (local.get $dlsi) (i32.const 8)))))))
  (call $rc_dec (local.get $v327))
  (call $rc_dec (local.get $v325))
  (call $rc_dec (local.get $v320))
  (call $rc_dec (local.get $v319))
  (call $rc_dec (local.get $v318))
  (call $rc_dec (local.get $v317))
  (call $rc_dec (local.get $v314))
  (call $rc_dec (local.get $v313))
  (call $rc_dec (local.get $v312))
  (call $rc_dec (local.get $v307))
  (call $rc_dec (local.get $v306))
  (call $rc_dec (local.get $v301))
  (call $rc_dec (local.get $v300))
  (call $rc_dec (local.get $v299))
  (call $rc_dec (local.get $v298))
  (call $rc_dec (local.get $v295))
  (call $rc_dec (local.get $v294))
  (call $rc_dec (local.get $v293))
  (call $rc_dec (local.get $v288))
  (call $__drop_Person (local.get $v278))
  (call $__drop_Person (local.get $v257))
  (call $rc_dec (local.get $v252))
  (call $rc_inc (local.get $v373))
  (call $rc_inc (local.get $v430))
  (call $rc_dec (i32.wrap_i64 (i64.load (i32.add (local.get $v440) (i32.add (i32.const 12) (i32.mul (local.get $dlsi) (i32.const 8)))))))
  (call $rc_dec (local.get $v440))
  (call $rc_dec (local.get $v457))
  (call $rc_dec (local.get $v456))
  (call $rc_dec (local.get $v454))
  (call $rc_dec (local.get $v453))
  (call $rc_dec (local.get $v452))
  (call $rc_dec (local.get $v451))
  (call $rc_dec (local.get $v449))
  (call $rc_dec (i32.wrap_i64 (i64.load (i32.add (local.get $v442) (i32.add (i32.const 12) (i32.mul (local.get $dlsi) (i32.const 8)))))))
  (call $rc_dec (local.get $v442))
  (call $rc_dec (i32.wrap_i64 (i64.load (i32.add (local.get $v440) (i32.add (i32.const 12) (i32.mul (local.get $dlsi) (i32.const 8)))))))
  (call $rc_dec (local.get $v440))
  (call $rc_dec (i32.wrap_i64 (i64.load (i32.add (local.get $v430) (i32.add (i32.const 12) (i32.mul (local.get $dlsi) (i32.const 8)))))))
  (call $rc_dec (local.get $v430))
  (call $rc_dec (local.get $v428))
  (call $rc_dec (local.get $v423))
  (call $rc_dec (local.get $v422))
  (call $rc_dec (local.get $v421))
  (call $rc_dec (local.get $v420))
  (call $rc_dec (local.get $v417))
  (call $rc_dec (local.get $v416))
  (call $rc_dec (local.get $v415))
  (call $rc_dec (local.get $v410))
  (call $rc_dec (local.get $v409))
  (call $rc_dec (local.get $v404))
  (call $rc_dec (local.get $v403))
  (call $rc_dec (local.get $v402))
  (call $rc_dec (local.get $v401))
  (call $rc_dec (local.get $v398))
  (call $rc_dec (local.get $v397))
  (call $rc_dec (local.get $v396))
  (call $rc_dec (local.get $v391))
  (call $__drop_Person (local.get $v381))
  (call $__drop_Person (local.get $v360))
  (call $rc_dec (local.get $v355))
  (call $rc_dec (local.get $v250))
  (call $rc_dec (local.get $v249))
  (call $rc_dec (local.get $v38))
  (call $rc_dec (local.get $v37))
  (call $rc_dec (local.get $v36))
  (call $rc_dec (local.get $v35))
  (call $rc_dec (local.get $v34))
  (call $rc_dec (local.get $v33))
  (call $rc_dec (local.get $v32))
  (call $rc_dec (local.get $v31))
  (call $rc_dec (local.get $v29))
  (call $rc_dec (local.get $v27))
  (call $rc_dec (local.get $v26))
  (call $rc_dec (local.get $v25))
  (call $rc_dec (local.get $v24))
  (call $rc_dec (local.get $v23))
  (call $rc_dec (local.get $v22))
  (call $rc_dec (local.get $v21))
  (call $rc_dec (local.get $v20))
  (call $rc_dec (local.get $v19))
  (call $rc_dec (local.get $v18))
  (call $rc_dec (local.get $v17))
  (call $rc_dec (local.get $v16))
  (call $rc_dec (local.get $v15))
  (call $rc_dec (local.get $v14))
  (call $rc_dec (local.get $v13))
  (call $rc_dec (local.get $v12))
  (call $rc_dec (local.get $v11))
  (call $rc_dec (i32.wrap_i64 (i64.load (i32.add (local.get $v1) (i32.add (i32.const 12) (i32.mul (local.get $dlsi) (i32.const 8)))))))
  (call $rc_dec (local.get $v1))
fn $__drop_Person
  (call $rc_dec (i32.wrap_i64 (local.get $v9)))
  (call $rc_dec (i32.wrap_i64 (local.get $v12)))
  (call $rc_dec (i32.wrap_i64 (local.get $v1)))
fn $__drop_list_opt_Person
  (call $__drop_list_opt_Person_loop (local.get $v1) (local.get $v9) (i64.const 0))
  (call $rc_dec (i32.wrap_i64 (local.get $v1)))
fn $__drop_list_opt_Person_loop
  (call $__drop_opt_Person (local.get $v13))
fn $__drop_tup_int_Person
  (call $__drop_Person (local.get $v9))
  (call $rc_dec (i32.wrap_i64 (local.get $v1)))
fn $__drop_list_Person
  (call $__drop_list_Person_loop (local.get $v1) (local.get $v9) (i64.const 0))
  (call $rc_dec (i32.wrap_i64 (local.get $v1)))
fn $__drop_list_Person_loop
  (call $__drop_Person (local.get $v13))
fn $__drop_list_Person_int
  (call $__drop_list_Person_int_loop (local.get $v1) (local.get $v9) (i64.const 0))
  (call $rc_dec (i32.wrap_i64 (local.get $v1)))
fn $__drop_list_Person_int_loop
  (call $__drop_Person (local.get $v21))
  (call $rc_dec (i32.wrap_i64 (local.get $v13)))
fn $__repr_rec_Person
  (call $rc_dec (local.get $v26))
  (call $rc_dec (local.get $v25))
  (call $rc_dec (local.get $v24))
  (call $rc_dec (local.get $v23))
  (call $rc_dec (local.get $v22))
  (call $rc_dec (local.get $v21))
  (call $rc_dec (local.get $v20))
  (call $rc_dec (local.get $v19))
  (call $rc_dec (local.get $v18))
  (call $rc_dec (local.get $v17))
  (call $rc_dec (local.get $v16))
  (call $rc_dec (local.get $v15))
  (call $rc_dec (local.get $v14))
  (call $rc_dec (local.get $v13))
  (call $rc_dec (local.get $v9))
  (call $rc_dec (local.get $v5))
fn $__drop_opt_str_str
  (call $rc_dec (i32.wrap_i64 (local.get $v22)))
  (call $rc_dec (i32.wrap_i64 (local.get $v25)))
  (call $rc_dec (i32.wrap_i64 (local.get $v14)))
  (call $rc_dec (i32.wrap_i64 (local.get $v1)))
fn $string.repeat
  (call $rc_dec (local.get $v17))
fn $__lc_copy_rc
  (call $rc_inc (i32.wrap_i64 (local.get $v12)))
fn $__list_append1_rc
  (call $rc_inc (local.get $v0))
  (call $rc_inc (local.get $v34))
  (call $rc_dec (local.get $v34))
fn $__to_upper_walk
  (call $rc_dec (local.get $v28))
fn $string.to_upper
  (call $rc_dec (local.get $v19))
  (call $rc_dec (local.get $v15))
fn $__trim_start
  (call $rc_dec (local.get $v4))
fn $__trim_end
  (call $rc_dec (local.get $v7))
