fn $el
  (call $rc_inc (local.get $v0))
fn $attr
  (call $rc_inc (local.get $v15))
  (call $rc_inc (local.get $v24))
  (call $rc_inc (local.get $v30))
fn $render
  (call $rc_dec (local.get $v35))
  (call $rc_dec (local.get $v34))
  (call $rc_dec (local.get $v33))
  (call $rc_dec (local.get $v32))
  (call $rc_dec (local.get $v31))
  (call $rc_dec (local.get $v30))
  (call $rc_dec (local.get $v29))
  (call $rc_dec (local.get $v28))
  (call $rc_dec (local.get $v86))
  (call $rc_dec (local.get $v85))
  (call $rc_dec (local.get $v84))
  (call $rc_dec (local.get $v79))
  (call $rc_dec (local.get $v78))
  (call $rc_dec (local.get $v77))
  (call $rc_dec (local.get $v107))
  (call $rc_dec (local.get $v106))
  (call $rc_dec (local.get $v101))
  (call $rc_dec (local.get $v100))
  (call $rc_dec (local.get $v99))
  (call $rc_dec (local.get $v98))
  (call $rc_dec (local.get $v97))
  (call $rc_dec (local.get $v96))
  (call $rc_dec (local.get $v95))
  (call $rc_dec (local.get $v90))
  (call $rc_dec (local.get $v89))
  (call $rc_dec (local.get $v88))
  (call $rc_dec (local.get $v70))
  (call $rc_dec (local.get $v69))
  (call $rc_dec (i32.wrap_i64 (i64.load (i32.add (local.get $v52) (i32.add (i32.const 12) (i32.mul (local.get $dlsi) (i32.const 8)))))))
  (call $rc_dec (local.get $v52))
  (call $rc_dec (local.get $v43))
  (call $rc_dec (local.get $v42))
  (call $rc_dec (i32.wrap_i64 (i64.load (i32.add (local.get $v10) (i32.add (i32.const 12) (i32.mul (local.get $dlsi) (i32.const 8)))))))
  (call $rc_dec (local.get $v10))
  (call $__drop_list_str_str (local.get $v5))
fn $main
  (call $rc_inc (local.get $v23))
  (call $rc_inc (local.get $v29))
  (call $rc_inc (local.get $v38))
  (call $rc_inc (local.get $v46))
  (call $rc_inc (local.get $v59))
  (call $rc_inc (local.get $v65))
  (call $rc_inc (local.get $v74))
  (call $rc_dec (local.get $v79))
  (call $rc_dec (local.get $v77))
  (call $rc_dec (i32.wrap_i64 (i64.load (i32.add (local.get $v53) (i32.const 12)))))
  (call $rc_dec (i32.wrap_i64 (i64.load (i32.add (local.get $v53) (i32.const 20)))))
  (call $rc_dec (i32.wrap_i64 (i64.load (i32.add (local.get $v53) (i32.const 28)))))
  (call $rc_dec (i32.wrap_i64 (i64.load (i32.add (local.get $v53) (i32.const 36)))))
  (call $rc_dec (local.get $v53))
  (call $__drop_list_Element (local.get $v46))
  (call $rc_dec (local.get $v43))
  (call $rc_dec (local.get $v42))
  (call $rc_dec (local.get $v41))
  (call $rc_dec (i32.wrap_i64 (i64.load (i32.add (local.get $v17) (i32.const 12)))))
  (call $rc_dec (i32.wrap_i64 (i64.load (i32.add (local.get $v17) (i32.const 20)))))
  (call $rc_dec (i32.wrap_i64 (i64.load (i32.add (local.get $v17) (i32.const 28)))))
  (call $rc_dec (i32.wrap_i64 (i64.load (i32.add (local.get $v17) (i32.const 36)))))
  (call $rc_dec (local.get $v17))
  (call $rc_dec (local.get $v8))
  (call $__drop_Element (local.get $v7))
  (call $rc_dec (local.get $v6))
  (call $rc_dec (local.get $v5))
  (call $__drop_Element (local.get $v4))
  (call $rc_dec (local.get $v3))
  (call $rc_dec (local.get $v2))
  (call $__drop_Element (local.get $v1))
  (call $rc_dec (local.get $v0))
fn $__drop_Element
  (call $rc_dec (i32.wrap_i64 (local.get $v9)))
  (call $__drop_map_ss (local.get $v12))
  (call $__drop_list_Element (local.get $v15))
  (call $rc_dec (i32.wrap_i64 (local.get $v18)))
  (call $rc_dec (i32.wrap_i64 (local.get $v1)))
fn $__drop_list_opt_Element
  (call $__drop_list_opt_Element_loop (local.get $v1) (local.get $v9) (i64.const 0))
  (call $rc_dec (i32.wrap_i64 (local.get $v1)))
fn $__drop_list_opt_Element_loop
  (call $__drop_opt_Element (local.get $v13))
fn $__drop_tup_int_Element
  (call $__drop_Element (local.get $v9))
  (call $rc_dec (i32.wrap_i64 (local.get $v1)))
fn $__drop_list_Element
  (call $__drop_list_Element_loop (local.get $v1) (local.get $v9) (i64.const 0))
  (call $rc_dec (i32.wrap_i64 (local.get $v1)))
fn $__drop_list_Element_loop
  (call $__drop_Element (local.get $v13))
fn $__drop_list_Element_int
  (call $__drop_list_Element_int_loop (local.get $v1) (local.get $v9) (i64.const 0))
  (call $rc_dec (i32.wrap_i64 (local.get $v1)))
fn $__drop_list_Element_int_loop
  (call $__drop_Element (local.get $v21))
  (call $rc_dec (i32.wrap_i64 (local.get $v13)))
fn $__drop_map_ss
  (call $__drop_map_ss_loop (local.get $v1) (local.get $v9) (i64.const 0))
  (call $rc_dec (i32.wrap_i64 (local.get $v1)))
fn $__drop_map_ss_loop
  (call $rc_dec (i32.wrap_i64 (local.get $v13)))
fn $__drop_closure
  (call $__drop_closure_loop (local.get $v1) (local.get $v21) (local.get $v13) (local.get $v26) (local.get $v29) (local.get $v16) (i64.const 0))
  (call $rc_dec (i32.wrap_i64 (local.get $v1)))
fn $__drop_closure_loop
  (call $__drop_closure (local.get $v22))
  (call $__drop_env_rich (local.get $v30))
  (call $__drop_list_str (local.get $v39))
  (call $rc_dec (i32.wrap_i64 (local.get $v49)))
  (call $__drop_cellmap (local.get $v55))
fn $__drop_cellmap
  (call $__drop_list_str (local.get $v8))
  (call $rc_dec (i32.wrap_i64 (local.get $v0)))
fn $__drop_env_rich
  (call $__drop_caplist_Element (local.get $v13))
  (call $rc_dec (i32.wrap_i64 (local.get $v0)))
fn $__drop_caplist_Element
  (call $__drop_caplist_Element_loop (local.get $v1) (local.get $v9) (i64.const 0))
  (call $rc_dec (i32.wrap_i64 (local.get $v1)))
fn $__drop_caplist_Element_loop
  (call $__drop_Element (local.get $v13))
fn $__drop_list_str
  (call $__drop_list_str_loop (local.get $v1) (local.get $v9) (i64.const 0))
  (call $rc_dec (i32.wrap_i64 (local.get $v1)))
fn $__drop_list_str_loop
  (call $rc_dec (i32.wrap_i64 (local.get $v13)))
fn $__drop_opt_str_str
  (call $rc_dec (i32.wrap_i64 (local.get $v22)))
  (call $rc_dec (i32.wrap_i64 (local.get $v25)))
  (call $rc_dec (i32.wrap_i64 (local.get $v14)))
  (call $rc_dec (i32.wrap_i64 (local.get $v1)))
fn $__ssdrop_list
  (call $rc_dec (i32.wrap_i64 (local.get $v23)))
  (call $rc_dec (i32.wrap_i64 (local.get $v26)))
  (call $rc_dec (i32.wrap_i64 (local.get $v15)))
fn $__drop_list_str_str
  (call $rc_dec (i32.wrap_i64 (local.get $v1)))
fn $map.entries_str
  (call $__drop_list_str_str (local.get $v7))
fn $__ment_build
  (call $rc_inc (local.get $v17))
  (call $rc_inc (local.get $v25))
  (call $__drop_list_str_str (local.get $v5))
  (call $__drop_list_str_str (local.get $v40))
  (call $__drop_list_str_str (local.get $v4))
fn $__lc_copy_rc
  (call $rc_inc (i32.wrap_i64 (local.get $v12)))
fn $string.repeat
  (call $rc_dec (local.get $v17))
