---
source: tests/codegen_snapshot_test.rs
expression: code
---
pub fn almide_rt_list_len<T>(xs: &[T]) -> i64 { xs.len() as i64 }
pub fn almide_rt_list_is_empty<T>(xs: &[T]) -> bool { xs.is_empty() }
pub fn almide_rt_list_first<A: Clone>(xs: &[A]) -> Option<A> { xs.first().cloned() }
pub fn almide_rt_list_last<A: Clone>(xs: &[A]) -> Option<A> { xs.last().cloned() }
pub fn almide_rt_list_get<T: Clone>(xs: &[T], i: i64) -> Option<T> { xs.get(i as usize).cloned() }
pub fn almide_rt_list_get_or<T: Clone>(xs: &[T], i: i64, default: T) -> T { xs.get(i as usize).cloned().unwrap_or(default) }
pub fn almide_rt_list_contains<T: PartialEq>(xs: &[T], x: T) -> bool { xs.contains(&x) }
pub fn almide_rt_list_index_of<T: PartialEq>(xs: &[T], x: T) -> Option<i64> { xs.iter().position(|v| *v == x).map(|i| i as i64) }
pub fn almide_rt_list_join(xs: &[String], sep: &str) -> String { xs.join(sep) }
pub fn almide_rt_list_reverse<A: Clone>(xs: &[A]) -> Vec<A> { xs.iter().rev().cloned().collect() }
pub fn almide_rt_list_sort<A: Ord + Clone>(xs: &[A]) -> Vec<A> { let mut v = xs.to_vec(); v.sort(); v }
// Float ordering uses IEEE-754 totalOrder (`f64::total_cmp`): NaN takes its
// totalOrder position (greatest, after +inf; with a -NaN before -inf) and
// `-0.0 < +0.0`. `f64` is not `Ord`, so `list.sort`/`min`/`max` on `List[Float]`
// (and `sort_by` with a Float key) route to these float-specific variants
// instead of the `Ord`-bounded generics (IntrinsicLoweringPass swaps the
// symbol). This is the ORDERING twin of the wasm sign-magnitude bit trick and
// matches the interp's `total_cmp`. NOTE: this list-min/max totalOrder is a
// DIFFERENT contract from the SCALAR `float.min`/`max`/`math.fmin`/`fmax`,
// which keep their C-049 NaN-IGNORING semantics. See C-055.
pub fn almide_rt_list_sort_float(xs: &[f64]) -> Vec<f64> { let mut v = xs.to_vec(); v.sort_by(|a, b| a.total_cmp(b)); v }
pub fn almide_rt_list_min_float(xs: &[f64]) -> Option<f64> { xs.iter().copied().min_by(|a, b| a.total_cmp(b)) }
pub fn almide_rt_list_max_float(xs: &[f64]) -> Option<f64> { xs.iter().copied().max_by(|a, b| a.total_cmp(b)) }
pub fn almide_rt_list_sort_by_float<A: Clone>(xs: Vec<A>, f: std::rc::Rc<dyn Fn(A) -> f64>) -> Vec<A> {
    let f = move |a| f(a);
    let mut v = xs;
    v.sort_by(|a, b| f(a.clone()).total_cmp(&f(b.clone())));
    v
}
// `list.sum`/`list.product` follow the language's integer-overflow law:
// TWO'S-COMPLEMENT WRAPPING at runtime, identical to plain `a + b` / `a * b`
// (contract C-001/C-047 family) and byte-identical to wasm's `i64.add`/`i64.mul`.
// Std `Iterator::sum`/`product` would PANIC under `-C overflow-checks` (debug /
// `cargo test`) yet wrap in release — a profile-dependent split that diverges
// from wasm. Folding with the explicit `wrapping_*` ops removes that split, so
// the result is the same on native (any profile) and wasm. See C-056.
pub fn almide_rt_list_sum(xs: &[i64]) -> i64 { xs.iter().fold(0i64, |a, &b| a.wrapping_add(b)) }
pub fn almide_rt_list_sum_float(xs: &[f64]) -> f64 { xs.iter().sum() }
pub fn almide_rt_list_product(xs: &[i64]) -> i64 { xs.iter().fold(1i64, |a, &b| a.wrapping_mul(b)) }
pub fn almide_rt_list_product_float(xs: &[f64]) -> f64 { xs.iter().product() }
pub fn almide_rt_list_min<T: Ord + Clone>(xs: &[T]) -> Option<T> { xs.iter().min().cloned() }
pub fn almide_rt_list_max<T: Ord + Clone>(xs: &[T]) -> Option<T> { xs.iter().max().cloned() }
// chunk/windows are TOTAL (ALS-T4): a NEGATIVE n keeps the historical `as usize`
// wrap (huge → chunk: whole-as-one-chunk / windows: empty), now normative; n == 0
// aborts with the ALS-T6 form (`Error: …` + exit 1) instead of leaking Rust's raw
// `chunks(0)`/`windows(0)` panic (exit 101) — wasm previously even returned len+1
// EMPTY windows silently for `windows(xs, 0)`.
pub fn almide_rt_list_chunk<T: Clone>(xs: &[T], n: i64) -> Vec<Vec<T>> { if n == 0 { eprintln!("Error: chunk size must be positive"); std::process::exit(1); } xs.chunks(n as usize).map(|c| c.to_vec()).collect() }
pub fn almide_rt_list_windows<T: Clone>(xs: &[T], n: i64) -> Vec<Vec<T>> { if n == 0 { eprintln!("Error: window size must be positive"); std::process::exit(1); } if (n as usize) > xs.len() { return vec![]; } xs.windows(n as usize).map(|w| w.to_vec()).collect() }
pub fn almide_rt_list_dedup<T: Clone + PartialEq>(xs: &[T]) -> Vec<T> { let mut r = Vec::new(); for x in xs { if r.last() != Some(x) { r.push(x.clone()); } } r }
pub fn almide_rt_list_unique<T: Clone + PartialEq>(xs: &[T]) -> Vec<T> { let mut r = Vec::new(); for x in xs { if !r.contains(x) { r.push(x.clone()); } } r }
pub fn almide_rt_list_set<T: Clone>(xs: &[T], i: i64, x: T) -> Vec<T> { let mut r = xs.to_vec(); if let Some(s) = r.get_mut(i as usize) { *s = x; } r }
pub fn almide_rt_list_swap<T: Clone>(xs: &[T], i: i64, j: i64) -> Vec<T> { let mut r = xs.to_vec(); let (a, b) = (i as usize, j as usize); if a < r.len() && b < r.len() { r.swap(a, b); } r }

// Consuming functions (templates use .to_vec())
pub fn almide_rt_list_map<A, B>(xs: Vec<A>, f: std::rc::Rc<dyn Fn(A) -> B>) -> Vec<B> { let f = move |a| f(a); xs.into_iter().map(f).collect() }
pub fn almide_rt_list_filter<A: Clone>(xs: Vec<A>, f: std::rc::Rc<dyn Fn(A) -> bool>) -> Vec<A> { let f = move |a| f(a); xs.into_iter().filter(|x| f(x.clone())).collect() }
pub fn almide_rt_list_fold<A, B>(xs: Vec<A>, init: B, f: std::rc::Rc<dyn Fn(B, A) -> B>) -> B { let f = move |a, b| f(a, b); xs.into_iter().fold(init, f) }
pub fn almide_rt_list_find<A: Clone>(xs: Vec<A>, f: std::rc::Rc<dyn Fn(A) -> bool>) -> Option<A> { let f = move |a| f(a); xs.into_iter().find(|x| f(x.clone())) }
pub fn almide_rt_list_any<A: Clone>(xs: &[A], f: std::rc::Rc<dyn Fn(A) -> bool>) -> bool { let f = move |a| f(a); xs.iter().any(|x| f(x.clone())) }
pub fn almide_rt_list_all<A: Clone>(xs: &[A], f: std::rc::Rc<dyn Fn(A) -> bool>) -> bool { let f = move |a| f(a); xs.iter().all(|x| f(x.clone())) }
pub fn almide_rt_list_each<A: Clone>(xs: &[A], f: std::rc::Rc<dyn Fn(A)>) { let f = move |a| f(a); for x in xs { f(x.clone()); } }
pub fn almide_rt_list_count<A: Clone>(xs: &[A], f: std::rc::Rc<dyn Fn(A) -> bool>) -> i64 { let f = move |a| f(a); xs.iter().filter(|x| f((*x).clone())).count() as i64 }
pub fn almide_rt_list_enumerate<T: Clone>(xs: Vec<T>) -> Vec<(i64, T)> { xs.into_iter().enumerate().map(|(i, x)| (i as i64, x)).collect() }
pub fn almide_rt_list_zip<T: Clone, U: Clone>(a: Vec<T>, b: Vec<U>) -> Vec<(T, U)> { a.into_iter().zip(b.into_iter()).collect() }
pub fn almide_rt_list_zip_with<A: Clone, B: Clone, C>(a: Vec<A>, b: Vec<B>, f: std::rc::Rc<dyn Fn(A, B) -> C>) -> Vec<C> { let f = move |a, b| f(a, b); a.into_iter().zip(b.into_iter()).map(|(x, y)| f(x, y)).collect() }
pub fn almide_rt_list_flatten<T: Clone>(xs: Vec<Vec<T>>) -> Vec<T> { xs.into_iter().flatten().collect() }
pub fn almide_rt_list_flat_map<A, B>(xs: Vec<A>, f: std::rc::Rc<dyn Fn(A) -> Vec<B>>) -> Vec<B> { let f = move |a| f(a); xs.into_iter().flat_map(f).collect() }
pub fn almide_rt_list_flat_map_effect<A, B>(xs: Vec<A>, f: std::rc::Rc<dyn Fn(A) -> Result<Vec<B>, String>>) -> Result<Vec<B>, String> { let f = move |a| f(a); let mut r = Vec::new(); for x in xs { r.extend(f(x)?); } Ok(r) }
pub fn almide_rt_list_filter_map<A, B>(xs: Vec<A>, f: std::rc::Rc<dyn Fn(A) -> Option<B>>) -> Vec<B> { let f = move |a| f(a); xs.into_iter().filter_map(f).collect() }
pub fn almide_rt_list_find_index<A: Clone>(xs: Vec<A>, f: std::rc::Rc<dyn Fn(A) -> bool>) -> Option<i64> { let f = move |a| f(a); xs.into_iter().position(|x| f(x)).map(|i| i as i64) }
pub fn almide_rt_list_take<T>(xs: Vec<T>, n: i64) -> Vec<T> { xs.into_iter().take(n as usize).collect() }
pub fn almide_rt_list_drop<T>(xs: Vec<T>, n: i64) -> Vec<T> { xs.into_iter().skip(n as usize).collect() }
pub fn almide_rt_list_take_while<A: Clone>(xs: Vec<A>, f: std::rc::Rc<dyn Fn(A) -> bool>) -> Vec<A> { let f = move |a| f(a); xs.into_iter().take_while(|x| f(x.clone())).collect() }
pub fn almide_rt_list_drop_while<A: Clone>(xs: Vec<A>, f: std::rc::Rc<dyn Fn(A) -> bool>) -> Vec<A> { let f = move |a| f(a); xs.into_iter().skip_while(|x| f(x.clone())).collect() }
pub fn almide_rt_list_partition<A: Clone>(xs: Vec<A>, f: std::rc::Rc<dyn Fn(A) -> bool>) -> (Vec<A>, Vec<A>) { let f = move |a| f(a); xs.into_iter().partition(|x| f(x.clone())) }
pub fn almide_rt_list_group_by<A: Clone, B: PartialEq + Clone>(xs: Vec<A>, f: std::rc::Rc<dyn Fn(A) -> B>) -> AlmideMap<B, Vec<A>> {
    let f = move |a| f(a);
    let mut m: AlmideMap<B, Vec<A>> = AlmideMap::new();
    for x in xs {
        let k = f(x.clone());
        if let Some(g) = m.get_mut(&k) { g.push(x); } else { m.insert(k, vec![x]); }
    }
    m
}
pub fn almide_rt_list_slice<T: Clone>(xs: Vec<T>, start: i64, end: i64) -> Vec<T> { let s = start as usize; let e = (end as usize).min(xs.len()); if s >= e { vec![] } else { xs[s..e].to_vec() } }
pub fn almide_rt_list_insert<T>(mut xs: Vec<T>, i: i64, x: T) -> Vec<T> { let idx = (i as usize).min(xs.len()); xs.insert(idx, x); xs }
pub fn almide_rt_list_remove_at<T>(mut xs: Vec<T>, i: i64) -> Vec<T> { if (i as usize) < xs.len() { xs.remove(i as usize); } xs }
pub fn almide_rt_list_update<A: Clone>(mut xs: Vec<A>, i: i64, f: std::rc::Rc<dyn Fn(A) -> A>) -> Vec<A> { let f = move |a| f(a); if let Some(s) = xs.get_mut(i as usize) { *s = f(s.clone()); } xs }
pub fn almide_rt_list_intersperse<T: Clone>(xs: Vec<T>, sep: T) -> Vec<T> { let mut r = Vec::new(); for (i, x) in xs.into_iter().enumerate() { if i > 0 { r.push(sep.clone()); } r.push(x); } r }
pub fn almide_rt_list_repeat<T: Clone>(x: T, n: i64) -> Vec<T> { vec![x; n as usize] }
pub fn almide_rt_list_range(start: i64, end: i64) -> Vec<i64> { (start..end).collect() }
pub fn almide_rt_list_reduce<A: Clone>(xs: Vec<A>, f: std::rc::Rc<dyn Fn(A, A) -> A>) -> Option<A> { let f = move |a, b| f(a, b); xs.into_iter().reduce(f) }
pub fn almide_rt_list_scan<A: Clone, B: Clone>(xs: Vec<A>, init: B, f: std::rc::Rc<dyn Fn(B, A) -> B>) -> Vec<B> { let f = move |a, b| f(a, b); let mut r = Vec::new(); let mut a = init; for x in xs { a = f(a, x); r.push(a.clone()); } r }
pub fn almide_rt_list_sort_by<A: Clone, B: Ord>(mut xs: Vec<A>, f: std::rc::Rc<dyn Fn(A) -> B>) -> Vec<A> { let f = move |a| f(a); xs.sort_by_cached_key(|x| f(x.clone())); xs }  // #560: cached_key calls the key fn ONCE PER ELEMENT (n), matching the wasm precomputed-key array + the key-extraction intent; sort_by_key called it per COMPARISON (n log n), an observable native!=wasm divergence for side-effectful keys.
pub fn almide_rt_list_fold_effect<A, B>(xs: Vec<A>, init: B, f: std::rc::Rc<dyn Fn(B, A) -> Result<B, String>>) -> Result<B, String> { let f = move |a, b| f(a, b); let mut a = init; for x in xs { a = f(a, x)?; } Ok(a) }
pub fn almide_rt_list_map_effect<A, B>(xs: Vec<A>, f: std::rc::Rc<dyn Fn(A) -> Result<B, String>>) -> Result<Vec<B>, String> { let f = move |a| f(a); xs.into_iter().map(f).collect() }


pub fn almide_rt_list_take_end<T: Clone>(xs: Vec<T>, n: i64) -> Vec<T> {
    let start = if n as usize >= xs.len() { 0 } else { xs.len() - n as usize };
    xs[start..].to_vec()
}
pub fn almide_rt_list_drop_end<T: Clone>(xs: Vec<T>, n: i64) -> Vec<T> {
    let end = if n as usize >= xs.len() { 0 } else { xs.len() - n as usize };
    xs[..end].to_vec()
}
pub fn almide_rt_list_unique_by<T: Clone, K: Eq + std::hash::Hash>(xs: Vec<T>, f: std::rc::Rc<dyn Fn(T) -> K>) -> Vec<T> {
    let f = move |a| f(a);
    let mut seen = std::collections::HashSet::new();
    let mut result = Vec::new();
    for x in xs { if seen.insert(f(x.clone())) { result.push(x); } }
    result
}
pub fn almide_rt_list_shuffle<T>(mut xs: Vec<T>) -> Vec<T> {
    use std::collections::hash_map::DefaultHasher;
    use std::hash::{Hash, Hasher};
    let mut seed = std::time::SystemTime::now().duration_since(std::time::UNIX_EPOCH).unwrap_or_default().as_nanos() as u64;
    for i in (1..xs.len()).rev() {
        let mut h = DefaultHasher::new();
        seed.hash(&mut h);
        i.hash(&mut h);
        let j = (h.finish() as usize) % (i + 1);
        xs.swap(i, j);
        seed = seed.wrapping_add(1);
    }
    xs
}
pub fn almide_rt_list_window<T: Clone>(xs: Vec<T>, n: i64) -> Vec<Vec<T>> {
    xs.windows(n as usize).map(|w| w.to_vec()).collect()
}

// ── Parallel variants (auto-parallelization for pure lambdas) ──
// Uses std::thread::scope for work-stealing parallelism.
// Falls back to sequential below PARALLEL_THRESHOLD elements.

// Parallel when there are at least 2 elements.
// Each element may represent arbitrarily heavy work (e.g., fan { list.map(chunks, heavy_fn) }).
// Using a high threshold would skip parallelism for small lists with expensive per-element work.
const PARALLEL_THRESHOLD: usize = 2;

pub fn almide_rt_list_par_map<A: Send + Sync + Clone, B: Send + Sync>(xs: Vec<A>, f: impl Fn(A) -> B + Send + Sync) -> Vec<B> {
    if xs.len() < PARALLEL_THRESHOLD {
        return xs.into_iter().map(&f).collect();
    }
    let cpus = std::thread::available_parallelism().map(|n| n.get()).unwrap_or(1);
    let chunk_size = (xs.len() + cpus - 1) / cpus;
    let chunks: Vec<Vec<A>> = xs.chunks(chunk_size).map(|c| c.to_vec()).collect();
    let mut results: Vec<Option<Vec<B>>> = (0..chunks.len()).map(|_| None).collect();
    std::thread::scope(|s| {
        let mut handles = Vec::new();
        for chunk in &chunks {
            let f = &f;
            handles.push(s.spawn(move || {
                chunk.iter().map(|x| f(x.clone())).collect::<Vec<B>>()
            }));
        }
        for (i, handle) in handles.into_iter().enumerate() {
            results[i] = Some(handle.join().unwrap());
        }
    });
    results.into_iter().flatten().flatten().collect()
}

pub fn almide_rt_list_par_filter<A: Send + Sync + Clone>(xs: Vec<A>, f: impl Fn(A) -> bool + Send + Sync) -> Vec<A> {
    if xs.len() < PARALLEL_THRESHOLD {
        return xs.into_iter().filter(|x| f(x.clone())).collect();
    }
    let cpus = std::thread::available_parallelism().map(|n| n.get()).unwrap_or(1);
    let chunk_size = (xs.len() + cpus - 1) / cpus;
    let chunks: Vec<Vec<A>> = xs.chunks(chunk_size).map(|c| c.to_vec()).collect();
    let mut results: Vec<Option<Vec<A>>> = (0..chunks.len()).map(|_| None).collect();
    std::thread::scope(|s| {
        let mut handles = Vec::new();
        for chunk in &chunks {
            let f = &f;
            handles.push(s.spawn(move || {
                chunk.iter().filter(|x| f((*x).clone())).cloned().collect::<Vec<A>>()
            }));
        }
        for (i, handle) in handles.into_iter().enumerate() {
            results[i] = Some(handle.join().unwrap());
        }
    });
    results.into_iter().flatten().flatten().collect()
}

pub fn almide_rt_list_par_any<A: Send + Sync + Clone>(xs: &[A], f: impl Fn(A) -> bool + Send + Sync) -> bool {
    if xs.len() < PARALLEL_THRESHOLD {
        return xs.iter().any(|x| f(x.clone()));
    }
    let cpus = std::thread::available_parallelism().map(|n| n.get()).unwrap_or(1);
    let chunk_size = (xs.len() + cpus - 1) / cpus;
    let chunks: Vec<&[A]> = xs.chunks(chunk_size).collect();
    let found = std::sync::atomic::AtomicBool::new(false);
    std::thread::scope(|s| {
        for chunk in &chunks {
            let f = &f;
            let found = &found;
            s.spawn(move || {
                for x in *chunk {
                    if found.load(std::sync::atomic::Ordering::Relaxed) { return; }
                    if f(x.clone()) {
                        found.store(true, std::sync::atomic::Ordering::Relaxed);
                        return;
                    }
                }
            });
        }
    });
    found.load(std::sync::atomic::Ordering::Relaxed)
}

pub fn almide_rt_list_par_all<A: Send + Sync + Clone>(xs: &[A], f: impl Fn(A) -> bool + Send + Sync) -> bool {
    if xs.len() < PARALLEL_THRESHOLD {
        return xs.iter().all(|x| f(x.clone()));
    }
    let cpus = std::thread::available_parallelism().map(|n| n.get()).unwrap_or(1);
    let chunk_size = (xs.len() + cpus - 1) / cpus;
    let chunks: Vec<&[A]> = xs.chunks(chunk_size).collect();
    let failed = std::sync::atomic::AtomicBool::new(false);
    std::thread::scope(|s| {
        for chunk in &chunks {
            let f = &f;
            let failed = &failed;
            s.spawn(move || {
                for x in *chunk {
                    if failed.load(std::sync::atomic::Ordering::Relaxed) { return; }
                    if !f(x.clone()) {
                        failed.store(true, std::sync::atomic::Ordering::Relaxed);
                        return;
                    }
                }
            });
        }
    });
    !failed.load(std::sync::atomic::Ordering::Relaxed)
}

// ── Mutable operations ──

#[inline(always)] pub fn almide_rt_list_push<A>(xs: &mut Vec<A>, x: A) { xs.push(x); }

// Pre-allocate a List with the given capacity. Start-empty (len=0) but
// skips all reallocations up to `cap` pushes. Useful when the caller
// knows the final size up front (Q1_0 tensor decode, fixed-size bulk
// transforms).
//
// The EAGER reservation is clamped to this many bytes — capacity is an
// unobservable hint (`push` grows past it normally), but an unclamped eager
// reservation aborts on huge requests (`with_capacity(i32::MAX)` over a
// 24-byte element = ~51.5 GB, machine-dependent) while wasm clamps. One
// ceiling on BOTH targets keeps `with_capacity` total: mirrors
// MAX_WITH_CAPACITY_PREALLOC_BYTES in emit_wasm/calls_list.rs (C-034).
pub const MAX_WITH_CAPACITY_PREALLOC_BYTES: usize = 64 * 1024 * 1024; // 64 MiB
#[inline(always)] pub fn almide_rt_list_with_capacity<A>(cap: i64) -> Vec<A> {
    let elem_size = std::mem::size_of::<A>().max(1);
    let max_cap = MAX_WITH_CAPACITY_PREALLOC_BYTES / elem_size;
    Vec::with_capacity((cap.max(0) as usize).min(max_cap))
}
pub fn almide_rt_list_pop<A>(xs: &mut Vec<A>) -> Option<A> { xs.pop() }
pub fn almide_rt_list_clear<A>(xs: &mut Vec<A>) { xs.clear(); }

// ── Algorithmic primitives (Phase 3 stdlib expansion) ──

pub fn almide_rt_list_binary_search(xs: &[i64], target: i64) -> Option<i64> {
    xs.binary_search(&target).ok().map(|i| i as i64)
}

//__ALMIDE_RT_BOUNDARY__
pub fn process(xs: Vec<i64>) -> i64 {
    almide_rt_list_fold(almide_rt_list_filter(xs, (std::rc::Rc::new(move |x: i64| (x > 0i64)) as std::rc::Rc<dyn Fn(i64) -> bool>)), 0i64, (std::rc::Rc::new(move |acc: i64, x: i64| (acc + (x * 2i64))) as std::rc::Rc<dyn Fn(i64, i64) -> i64>))
}
