---
source: tests/ide_outline_snapshot_test.rs
assertion_line: 44
expression: "run_outline(&[\"@stdlib/int\"])"
---
fn int.abs(n: Int) -> Int
fn int.band(a: Int, b: Int) -> Int
fn int.bits_to_float(bits: Int) -> Float
fn int.bnot(a: Int) -> Int
fn int.bor(a: Int, b: Int) -> Int
fn int.bshl(a: Int, n: Int) -> Int
fn int.bshr(a: Int, n: Int) -> Int
fn int.bxor(a: Int, b: Int) -> Int
fn int.clamp(n: Int, lo: Int, hi: Int) -> Int
fn int.from_hex(s: String) -> Result[Int, String]
fn int.from_int16(n: Int16) -> Int
fn int.from_int32(n: Int32) -> Int
fn int.from_int64(n: Int64) -> Int
fn int.from_int8(n: Int8) -> Int
fn int.from_uint16(n: UInt16) -> Int
fn int.from_uint32(n: UInt32) -> Int
fn int.from_uint64(n: UInt64) -> Int
fn int.from_uint8(n: UInt8) -> Int
fn int.max(a: Int, b: Int) -> Int
fn int.min(a: Int, b: Int) -> Int
fn int.parse(s: String) -> Result[Int, String]
fn int.rotate_left(a: Int, n: Int, bits: Int) -> Int
fn int.rotate_right(a: Int, n: Int, bits: Int) -> Int
fn int.to_float(n: Int) -> Float
fn int.to_float32(n: Int) -> Float32
fn int.to_float64(n: Int) -> Float64
fn int.to_hex(n: Int) -> String
fn int.to_int16(n: Int) -> Int16
fn int.to_int32(n: Int) -> Int32
fn int.to_int64(n: Int) -> Int64
fn int.to_int8(n: Int) -> Int8
fn int.to_string(n: Int) -> String
fn int.to_u32(a: Int) -> Int
fn int.to_u8(a: Int) -> Int
fn int.to_uint16(n: Int) -> UInt16
fn int.to_uint32(n: Int) -> UInt32
fn int.to_uint64(n: Int) -> UInt64
fn int.to_uint8(n: Int) -> UInt8
fn int.wrap_add(a: Int, b: Int, bits: Int) -> Int
fn int.wrap_mul(a: Int, b: Int, bits: Int) -> Int
