---
source: tests/ide_outline_snapshot_test.rs
assertion_line: 49
expression: "run_outline(&[\"@stdlib/option\"])"
---
fn option.collect[T](xs: List[Option[T]]) -> Option[List[T]]
fn option.collect_map[T, U](xs: List[T], f: fn(T) -> Option[U]) -> Option[List[U]]
fn option.filter[A](o: Option[A], f: fn(A) -> Bool) -> Option[A]
fn option.flat_map[A, B](o: Option[A], f: fn(A) -> Option[B]) -> Option[B]
fn option.flatten[A](o: Option[Option[A]]) -> Option[A]
fn option.is_none[A](o: Option[A]) -> Bool
fn option.is_some[A](o: Option[A]) -> Bool
fn option.map[A, B](o: Option[A], f: fn(A) -> B) -> Option[B]
fn option.or_else[A](o: Option[A], f: fn() -> Option[A]) -> Option[A]
fn option.to_list[A](o: Option[A]) -> List[A]
fn option.to_result[A](o: Option[A], msg: String) -> Result[A, String]
fn option.unwrap_or[A](o: Option[A], default: A) -> A
fn option.unwrap_or_else[A](o: Option[A], f: fn() -> A) -> A
fn option.zip[A, B](a: Option[A], b: Option[B]) -> Option[(A, B)]
